Archive member included to satisfy reference by file (symbol)

../../lib\libMotionFX.a(motion_fx.o)
                              ./src/main.o (MotionFX_initialize)
../../lib\libMotionFX.a(inemo.o)
                              ../../lib\libMotionFX.a(motion_fx.o) (inemo_get_enable_euler)
../../lib\libMotionFX.a(inemo_math.o)
                              ../../lib\libMotionFX.a(inemo.o) (is_null)
c:/st/stm32cubeide_1.11.2/stm32cubeide/features/com.stred.toolchain.win.feature_8.1.2/reisc-8.1.2-win-x86_64/bin/../lib/gcc/reisc/8.3.1/mcpu-reiscl/mfp32-format-ieee\libgcc.a(divsf3.o)
                              ../../lib\libMotionFX.a(inemo.o) (__divsf3)
c:/st/stm32cubeide_1.11.2/stm32cubeide/features/com.stred.toolchain.win.feature_8.1.2/reisc-8.1.2-win-x86_64/bin/../lib/gcc/reisc/8.3.1/mcpu-reiscl/mfp32-format-ieee\libgcc.a(eqsf2.o)
                              ../../lib\libMotionFX.a(inemo.o) (__nesf2)
c:/st/stm32cubeide_1.11.2/stm32cubeide/features/com.stred.toolchain.win.feature_8.1.2/reisc-8.1.2-win-x86_64/bin/../lib/gcc/reisc/8.3.1/mcpu-reiscl/mfp32-format-ieee\libgcc.a(gesf2.o)
                              ../../lib\libMotionFX.a(inemo.o) (__gesf2)
c:/st/stm32cubeide_1.11.2/stm32cubeide/features/com.stred.toolchain.win.feature_8.1.2/reisc-8.1.2-win-x86_64/bin/../lib/gcc/reisc/8.3.1/mcpu-reiscl/mfp32-format-ieee\libgcc.a(lesf2.o)
                              ../../lib\libMotionFX.a(inemo.o) (__ltsf2)
c:/st/stm32cubeide_1.11.2/stm32cubeide/features/com.stred.toolchain.win.feature_8.1.2/reisc-8.1.2-win-x86_64/bin/../lib/gcc/reisc/8.3.1/mcpu-reiscl/mfp32-format-ieee\libgcc.a(floatsisf.o)
                              ./src/main.o (__floatsisf)
c:/st/stm32cubeide_1.11.2/stm32cubeide/features/com.stred.toolchain.win.feature_8.1.2/reisc-8.1.2-win-x86_64/bin/../lib/gcc/reisc/8.3.1/mcpu-reiscl/mfp32-format-ieee\libgcc.a(_clzsi2.o)
                              c:/st/stm32cubeide_1.11.2/stm32cubeide/features/com.stred.toolchain.win.feature_8.1.2/reisc-8.1.2-win-x86_64/bin/../lib/gcc/reisc/8.3.1/mcpu-reiscl/mfp32-format-ieee\libgcc.a(divsf3.o) (__clzsi2)
c:/st/stm32cubeide_1.11.2/stm32cubeide/features/com.stred.toolchain.win.feature_8.1.2/reisc-8.1.2-win-x86_64/bin/../lib/gcc/reisc/8.3.1/mcpu-reiscl/mfp32-format-ieee\libgcc.a(_clz.o)
                              c:/st/stm32cubeide_1.11.2/stm32cubeide/features/com.stred.toolchain.win.feature_8.1.2/reisc-8.1.2-win-x86_64/bin/../lib/gcc/reisc/8.3.1/mcpu-reiscl/mfp32-format-ieee\libgcc.a(_clzsi2.o) (__clz_tab)
c:/st/stm32cubeide_1.11.2/stm32cubeide/features/com.stred.toolchain.win.feature_8.1.2/reisc-8.1.2-win-x86_64/bin/../lib/gcc/reisc/8.3.1/../../../../reisc/lib/mcpu-reiscl/mfp32-format-ieee\libc_nano.a(lib_a-exit.o)
                              ./ispu_utils/crt0.o (exit)
c:/st/stm32cubeide_1.11.2/stm32cubeide/features/com.stred.toolchain.win.feature_8.1.2/reisc-8.1.2-win-x86_64/bin/../lib/gcc/reisc/8.3.1/../../../../reisc/lib/mcpu-reiscl/mfp32-format-ieee\libc_nano.a(lib_a-impure.o)
                              c:/st/stm32cubeide_1.11.2/stm32cubeide/features/com.stred.toolchain.win.feature_8.1.2/reisc-8.1.2-win-x86_64/bin/../lib/gcc/reisc/8.3.1/../../../../reisc/lib/mcpu-reiscl/mfp32-format-ieee\libc_nano.a(lib_a-exit.o) (_global_impure_ptr)
c:/st/stm32cubeide_1.11.2/stm32cubeide/features/com.stred.toolchain.win.feature_8.1.2/reisc-8.1.2-win-x86_64/bin/../lib/gcc/reisc/8.3.1/../../../../reisc/lib/mcpu-reiscl/mfp32-format-ieee\libc_nano.a(lib_a-malloc.o)
                              ../../lib\libMotionFX.a(inemo.o) (malloc)
c:/st/stm32cubeide_1.11.2/stm32cubeide/features/com.stred.toolchain.win.feature_8.1.2/reisc-8.1.2-win-x86_64/bin/../lib/gcc/reisc/8.3.1/../../../../reisc/lib/mcpu-reiscl/mfp32-format-ieee\libc_nano.a(lib_a-memcpy.o)
                              ../../lib\libMotionFX.a(motion_fx.o) (memcpy)
c:/st/stm32cubeide_1.11.2/stm32cubeide/features/com.stred.toolchain.win.feature_8.1.2/reisc-8.1.2-win-x86_64/bin/../lib/gcc/reisc/8.3.1/../../../../reisc/lib/mcpu-reiscl/mfp32-format-ieee\libc_nano.a(lib_a-memset.o)
                              ./src/main.o (memset)
c:/st/stm32cubeide_1.11.2/stm32cubeide/features/com.stred.toolchain.win.feature_8.1.2/reisc-8.1.2-win-x86_64/bin/../lib/gcc/reisc/8.3.1/../../../../reisc/lib/mcpu-reiscl/mfp32-format-ieee\libc_nano.a(lib_a-nano-freer.o)
                              c:/st/stm32cubeide_1.11.2/stm32cubeide/features/com.stred.toolchain.win.feature_8.1.2/reisc-8.1.2-win-x86_64/bin/../lib/gcc/reisc/8.3.1/../../../../reisc/lib/mcpu-reiscl/mfp32-format-ieee\libc_nano.a(lib_a-malloc.o) (_free_r)
c:/st/stm32cubeide_1.11.2/stm32cubeide/features/com.stred.toolchain.win.feature_8.1.2/reisc-8.1.2-win-x86_64/bin/../lib/gcc/reisc/8.3.1/../../../../reisc/lib/mcpu-reiscl/mfp32-format-ieee\libc_nano.a(lib_a-nano-mallocr.o)
[...]
Memory Configuration

Name             Origin             Length             Attributes
RAM              0x0000000000000000 0x0000000000002000 arw
CTRL             0x0000000000006800 0x0000000000000400 arw
EREG             0x0000000000006900 0x0000000000000100 arw
ROM              0x0000000000010000 0x0000000000008000 xr
*default*        0x0000000000000000 0xffffffffffffffff

Linker script and memory map

LOAD ./src/main.o
LOAD ./ispu_utils/crt0.o
LOAD ./ispu_utils/global.o
LOAD ../../lib\libMotionFX.a
LOAD c:/st/stm32cubeide_1.11.2/stm32cubeide/features/com.stred.toolchain.win.feature_8.1.2/reisc-8.1.2-win-x86_64/bin/../lib/gcc/reisc/8.3.1/mcpu-reiscl/mfp32-format-ieee\libgcc.a
LOAD c:/st/stm32cubeide_1.11.2/stm32cubeide/features/com.stred.toolchain.win.feature_8.1.2/reisc-8.1.2-win-x86_64/bin/../lib/gcc/reisc/8.3.1/../../../../reisc/lib/mcpu-reiscl/mfp32-format-ieee\libc_nano.a
LOAD c:/st/stm32cubeide_1.11.2/stm32cubeide/features/com.stred.toolchain.win.feature_8.1.2/reisc-8.1.2-win-x86_64/bin/../lib/gcc/reisc/8.3.1/mcpu-reiscl/mfp32-format-ieee\libgcc.a
START GROUP
LOAD c:/st/stm32cubeide_1.11.2/stm32cubeide/features/com.stred.toolchain.win.feature_8.1.2/reisc-8.1.2-win-x86_64/bin/../lib/gcc/reisc/8.3.1/mcpu-reiscl/mfp32-format-ieee\libgcc.a
LOAD c:/st/stm32cubeide_1.11.2/stm32cubeide/features/com.stred.toolchain.win.feature_8.1.2/reisc-8.1.2-win-x86_64/bin/../lib/gcc/reisc/8.3.1/../../../../reisc/lib/mcpu-reiscl/mfp32-format-ieee\libc_nano.a
END GROUP
START GROUP
LOAD c:/st/stm32cubeide_1.11.2/stm32cubeide/features/com.stred.toolchain.win.feature_8.1.2/reisc-8.1.2-win-x86_64/bin/../lib/gcc/reisc/8.3.1/../../../../reisc/lib/mcpu-reiscl/mfp32-format-ieee\libsim.a
LOAD c:/st/stm32cubeide_1.11.2/stm32cubeide/features/com.stred.toolchain.win.feature_8.1.2/reisc-8.1.2-win-x86_64/bin/../lib/gcc/reisc/8.3.1/../../../../reisc/lib/mcpu-reiscl/mfp32-format-ieee\libc.a
LOAD c:/st/stm32cubeide_1.11.2/stm32cubeide/features/com.stred.toolchain.win.feature_8.1.2/reisc-8.1.2-win-x86_64/bin/../lib/gcc/reisc/8.3.1/../../../../reisc/lib/mcpu-reiscl/mfp32-format-ieee\libm.a
LOAD c:/st/stm32cubeide_1.11.2/stm32cubeide/features/com.stred.toolchain.win.feature_8.1.2/reisc-8.1.2-win-x86_64/bin/../lib/gcc/reisc/8.3.1/mcpu-reiscl/mfp32-format-ieee\libgcc.a
END GROUP

.init           0x0000000000010000       0xf8
 *(.init)
 .init          0x0000000000010000       0xf8 ./ispu_utils/crt0.o
                0x0000000000010000                _startup
                0x00000000000100f8                . = ALIGN (0x4)

.text           0x00000000000100f8     0x476c
 *(.text .text.* .gnu.linkonce.t.*)
 .text.algo_00_init
                0x00000000000100f8       0x58 ./src/main.o
                0x00000000000100f8                algo_00_init
 .text.algo_00  0x0000000000010150      0x11c ./src/main.o
                0x0000000000010150                algo_00
 .text.startup.main
                0x000000000001026c       0x92 ./src/main.o
                0x000000000001026c                main
 .text          0x00000000000102fe       0x68 ./ispu_utils/crt0.o
                0x00000000000102fe                boot
                0x0000000000010354                _start
                0x0000000000010362                algo_05_init
                0x0000000000010362                algo_10
                0x0000000000010362                algo_26_init
                0x0000000000010362                reserved
                0x0000000000010362                algo_28
                0x0000000000010362                algo_22
                0x0000000000010362                algo_27
                0x0000000000010362                algo_28_init
                0x0000000000010362                algo_25
                0x0000000000010362                algo_21
                0x0000000000010362                algo_29_init
                0x0000000000010362                algo_21_init
                0x0000000000010362                algo_07_init
                0x0000000000010362                algo_08_init
                0x0000000000010362                algo_11
                0x0000000000010362                algo_14
                0x0000000000010362                algo_27_init
                0x0000000000010362                algo_01_init
                0x0000000000010362                algo_24
                0x0000000000010362                algo_04
                0x0000000000010362                algo_20_init
                0x0000000000010362                algo_13_init
                0x0000000000010362                algo_09
                0x0000000000010362                algo_17_init
                0x0000000000010362                algo_26
                0x0000000000010362                algo_25_init
                0x0000000000010362                algo_24_init
                0x0000000000010362                algo_06
                0x0000000000010362                algo_02
                0x0000000000010362                algo_17
                0x0000000000010362                algo_13
                0x0000000000010362                algo_16
                0x0000000000010362                algo_08
                0x0000000000010362                algo_11_init
                0x0000000000010362                algo_12
                0x0000000000010362                algo_01
                0x0000000000010362                algo_23_init
                0x0000000000010362                algo_18_init
                0x0000000000010362                algo_05
                0x0000000000010362                algo_20
                0x0000000000010362                algo_19
                0x0000000000010362                algo_19_init
                0x0000000000010362                algo_15
                0x0000000000010362                algo_06_init
                0x0000000000010362                algo_15_init
                0x0000000000010362                algo_09_init
                0x0000000000010362                algo_04_init
                0x0000000000010362                algo_18
                0x0000000000010362                algo_29
                0x0000000000010362                algo_14_init
                0x0000000000010362                algo_22_init
                0x0000000000010362                algo_07
                0x0000000000010362                algo_12_init
                0x0000000000010362                algo_02_init
                0x0000000000010362                algo_23
                0x0000000000010362                algo_03_init
                0x0000000000010362                algo_10_init
                0x0000000000010362                algo_16_init
                0x0000000000010362                algo_03
                0x0000000000010364                __main
                0x0000000000010364                hexfloat
 *fill*         0x0000000000010366        0x2 
 .text.MotionFX_initialize
                0x0000000000010368       0x4c ../../lib\libMotionFX.a(motion_fx.o)
                0x0000000000010368                MotionFX_initialize
 .text.MotionFX_deinitialize
                0x00000000000103b4       0x16 ../../lib\libMotionFX.a(motion_fx.o)
                0x00000000000103b4                MotionFX_deinitialize
 *fill*         0x00000000000103ca        0x2 
 .text.MotionFX_enable_gbias
                0x00000000000103cc       0x16 ../../lib\libMotionFX.a(motion_fx.o)
                0x00000000000103cc                MotionFX_enable_gbias
 *fill*         0x00000000000103e2        0x2 
 .text.MotionFX_update
                0x00000000000103e4       0xa6 ../../lib\libMotionFX.a(motion_fx.o)
                0x00000000000103e4                MotionFX_update
 *fill*         0x000000000001048a        0x2 
 .text.rotate   0x000000000001048c       0xe6 ../../lib\libMotionFX.a(inemo.o)
 *fill*         0x0000000000010572        0x2 
 .text.inemo_set_enable_gbias
                0x0000000000010574        0x8 ../../lib\libMotionFX.a(inemo.o)
                0x0000000000010574                inemo_set_enable_gbias
 .text.inemo_init
                0x000000000001057c      0x124 ../../lib\libMotionFX.a(inemo.o)
                0x000000000001057c                inemo_init
 .text.inemo_deinit
                0x00000000000106a0       0x12 ../../lib\libMotionFX.a(inemo.o)
                0x00000000000106a0                inemo_deinit
 *fill*         0x00000000000106b2        0x2 
 .text.inemo_run
                0x00000000000106b4      0xb5c ../../lib\libMotionFX.a(inemo.o)
                0x00000000000106b4                inemo_run
 .text.is_null  0x0000000000011210       0x62 ../../lib\libMotionFX.a(inemo_math.o)
                0x0000000000011210                is_null
 *fill*         0x0000000000011272        0x2 
 .text.get_norm
                0x0000000000011274       0x2c ../../lib\libMotionFX.a(inemo_math.o)
                0x0000000000011274                get_norm
 .text.cross    0x00000000000112a0       0x76 ../../lib\libMotionFX.a(inemo_math.o)
                0x00000000000112a0                cross
 *fill*         0x0000000000011316        0x2 
 .text.quat_create
                0x0000000000011318       0x68 ../../lib\libMotionFX.a(inemo_math.o)
                0x0000000000011318                quat_create
 .text.quat_normalize
                0x0000000000011380       0x36 ../../lib\libMotionFX.a(inemo_math.o)
                0x0000000000011380                quat_normalize
 *fill*         0x00000000000113b6        0x2 
 .text.quat_mult
                0x00000000000113b8       0xf0 ../../lib\libMotionFX.a(inemo_math.o)
                0x00000000000113b8                quat_mult
 .text.quat_invert
                0x00000000000114a8       0x3a ../../lib\libMotionFX.a(inemo_math.o)
                0x00000000000114a8                quat_invert
 *fill*         0x00000000000114e2        0x2 
 .text.quat_rot
                0x00000000000114e4       0x82 ../../lib\libMotionFX.a(inemo_math.o)
                0x00000000000114e4                quat_rot
 *fill*         0x0000000000011566        0x2 
 .text.quat_2_euler
                0x0000000000011568      0x14c ../../lib\libMotionFX.a(inemo_math.o)
                0x0000000000011568                quat_2_euler
 .text.__divsf3
                0x00000000000116b4      0x32c c:/st/stm32cubeide_1.11.2/stm32cubeide/features/com.stred.toolchain.win.feature_8.1.2/reisc-8.1.2-win-x86_64/bin/../lib/gcc/reisc/8.3.1/mcpu-reiscl/mfp32-format-ieee\libgcc.a(divsf3.o)
                0x00000000000116b4                __divsf3
 .text.__eqsf2  0x00000000000119e0       0x7c c:/st/stm32cubeide_1.11.2/stm32cubeide/features/com.stred.toolchain.win.feature_8.1.2/reisc-8.1.2-win-x86_64/bin/../lib/gcc/reisc/8.3.1/mcpu-reiscl/mfp32-format-ieee\libgcc.a(eqsf2.o)
                0x00000000000119e0                __eqsf2
                0x00000000000119e0                __nesf2
 .text.__gesf2  0x0000000000011a5c       0xd4 c:/st/stm32cubeide_1.11.2/stm32cubeide/features/com.stred.toolchain.win.feature_8.1.2/reisc-8.1.2-win-x86_64/bin/../lib/gcc/reisc/8.3.1/mcpu-reiscl/mfp32-format-ieee\libgcc.a(gesf2.o)
                0x0000000000011a5c                __gesf2
                0x0000000000011a5c                __gtsf2
 .text.__lesf2  0x0000000000011b30       0xdc c:/st/stm32cubeide_1.11.2/stm32cubeide/features/com.stred.toolchain.win.feature_8.1.2/reisc-8.1.2-win-x86_64/bin/../lib/gcc/reisc/8.3.1/mcpu-reiscl/mfp32-format-ieee\libgcc.a(lesf2.o)
                0x0000000000011b30                __ltsf2
                0x0000000000011b30                __lesf2
 .text.__floatsisf
                0x0000000000011c0c       0xf4 c:/st/stm32cubeide_1.11.2/stm32cubeide/features/com.stred.toolchain.win.feature_8.1.2/reisc-8.1.2-win-x86_64/bin/../lib/gcc/reisc/8.3.1/mcpu-reiscl/mfp32-format-ieee\libgcc.a(floatsisf.o)
                0x0000000000011c0c                __floatsisf
 .text.__clzsi2
                0x0000000000011d00       0x70 c:/st/stm32cubeide_1.11.2/stm32cubeide/features/com.stred.toolchain.win.feature_8.1.2/reisc-8.1.2-win-x86_64/bin/../lib/gcc/reisc/8.3.1/mcpu-reiscl/mfp32-format-ieee\libgcc.a(_clzsi2.o)
                0x0000000000011d00                __clzsi2
 .text.exit     0x0000000000011d70       0x30 c:/st/stm32cubeide_1.11.2/stm32cubeide/features/com.stred.toolchain.win.feature_8.1.2/reisc-8.1.2-win-x86_64/bin/../lib/gcc/reisc/8.3.1/../../../../reisc/lib/mcpu-reiscl/mfp32-format-ieee\libc_nano.a(lib_a-exit.o)
                0x0000000000011d70                exit
 .text.malloc   0x0000000000011da0       0x14 c:/st/stm32cubeide_1.11.2/stm32cubeide/features/com.stred.toolchain.win.feature_8.1.2/reisc-8.1.2-win-x86_64/bin/../lib/gcc/reisc/8.3.1/../../../../reisc/lib/mcpu-reiscl/mfp32-format-ieee\libc_nano.a(lib_a-malloc.o)
                0x0000000000011da0                malloc
 .text.free     0x0000000000011db4       0x14 c:/st/stm32cubeide_1.11.2/stm32cubeide/features/com.stred.toolchain.win.feature_8.1.2/reisc-8.1.2-win-x86_64/bin/../lib/gcc/reisc/8.3.1/../../../../reisc/lib/mcpu-reiscl/mfp32-format-ieee\libc_nano.a(lib_a-malloc.o)
                0x0000000000011db4                free
 .text.memcpy   0x0000000000011dc8       0x28 c:/st/stm32cubeide_1.11.2/stm32cubeide/features/com.stred.toolchain.win.feature_8.1.2/reisc-8.1.2-win-x86_64/bin/../lib/gcc/reisc/8.3.1/../../../../reisc/lib/mcpu-reiscl/mfp32-format-ieee\libc_nano.a(lib_a-memcpy.o)
                0x0000000000011dc8                memcpy
 .text.memset   0x0000000000011df0        0xe c:/st/stm32cubeide_1.11.2/stm32cubeide/features/com.stred.toolchain.win.feature_8.1.2/reisc-8.1.2-win-x86_64/bin/../lib/gcc/reisc/8.3.1/../../../../reisc/lib/mcpu-reiscl/mfp32-format-ieee\libc_nano.a(lib_a-memset.o)
                0x0000000000011df0                memset
 *fill*         0x0000000000011dfe        0x2 
 .text._free_r  0x0000000000011e00       0xc2 c:/st/stm32cubeide_1.11.2/stm32cubeide/features/com.stred.toolchain.win.feature_8.1.2/reisc-8.1.2-win-x86_64/bin/../lib/gcc/reisc/8.3.1/../../../../reisc/lib/mcpu-reiscl/mfp32-format-ieee\libc_nano.a(lib_a-nano-freer.o)
                0x0000000000011e00                _free_r
 *fill*         0x0000000000011ec2        0x2 
 .text._malloc_r
                0x0000000000011ec4       0xe2 c:/st/stm32cubeide_1.11.2/stm32cubeide/features/com.stred.toolchain.win.feature_8.1.2/reisc-8.1.2-win-x86_64/bin/../lib/gcc/reisc/8.3.1/../../../../reisc/lib/mcpu-reiscl/mfp32-format-ieee\libc_nano.a(lib_a-nano-mallocr.o)
                0x0000000000011ec4                _malloc_r
 *fill*         0x0000000000011fa6        0x2 
 .text._sbrk_r  0x0000000000011fa8       0x2e c:/st/stm32cubeide_1.11.2/stm32cubeide/features/com.stred.toolchain.win.feature_8.1.2/reisc-8.1.2-win-x86_64/bin/../lib/gcc/reisc/8.3.1/../../../../reisc/lib/mcpu-reiscl/mfp32-format-ieee\libc_nano.a(lib_a-sbrkr.o)
                0x0000000000011fa8                _sbrk_r
 *fill*         0x0000000000011fd6        0x2 
 .text._exit    0x0000000000011fd8       0x16 c:/st/stm32cubeide_1.11.2/stm32cubeide/features/com.stred.toolchain.win.feature_8.1.2/reisc-8.1.2-win-x86_64/bin/../lib/gcc/reisc/8.3.1/../../../../reisc/lib/mcpu-reiscl/mfp32-format-ieee\libsim.a(syscalls.o)
                0x0000000000011fd8                _exit
 *fill*         0x0000000000011fee        0x2 
 .text._sbrk    0x0000000000011ff0       0x38 c:/st/stm32cubeide_1.11.2/stm32cubeide/features/com.stred.toolchain.win.feature_8.1.2/reisc-8.1.2-win-x86_64/bin/../lib/gcc/reisc/8.3.1/../../../../reisc/lib/mcpu-reiscl/mfp32-format-ieee\libsim.a(syscalls.o)
                0x0000000000011ff0                _sbrk
 .text.semihosting_handler
                0x0000000000012028        0x4 c:/st/stm32cubeide_1.11.2/stm32cubeide/features/com.stred.toolchain.win.feature_8.1.2/reisc-8.1.2-win-x86_64/bin/../lib/gcc/reisc/8.3.1/../../../../reisc/lib/mcpu-reiscl/mfp32-format-ieee\libsim.a(syscalls.o)
                0x0000000000012028                semihosting_handler
 .text.__errno  0x000000000001202c        0x6 c:/st/stm32cubeide_1.11.2/stm32cubeide/features/com.stred.toolchain.win.feature_8.1.2/reisc-8.1.2-win-x86_64/bin/../lib/gcc/reisc/8.3.1/../../../../reisc/lib/mcpu-reiscl/mfp32-format-ieee\libc.a(lib_a-errno.o)
                0x000000000001202c                __errno
 *fill*         0x0000000000012032        0x2 
 .text.cosf     0x0000000000012034       0x9c c:/st/stm32cubeide_1.11.2/stm32cubeide/features/com.stred.toolchain.win.feature_8.1.2/reisc-8.1.2-win-x86_64/bin/../lib/gcc/reisc/8.3.1/../../../../reisc/lib/mcpu-reiscl/mfp32-format-ieee\libm.a(lib_a-sf_cos.o)
                0x0000000000012034                cosf
 .text.sinf     0x00000000000120d0       0x9a c:/st/stm32cubeide_1.11.2/stm32cubeide/features/com.stred.toolchain.win.feature_8.1.2/reisc-8.1.2-win-x86_64/bin/../lib/gcc/reisc/8.3.1/../../../../reisc/lib/mcpu-reiscl/mfp32-format-ieee\libm.a(lib_a-sf_sin.o)
                0x00000000000120d0                sinf
 *fill*         0x000000000001216a        0x2 
 .text.acosf    0x000000000001216c       0xee c:/st/stm32cubeide_1.11.2/stm32cubeide/features/com.stred.toolchain.win.feature_8.1.2/reisc-8.1.2-win-x86_64/bin/../lib/gcc/reisc/8.3.1/../../../../reisc/lib/mcpu-reiscl/mfp32-format-ieee\libm.a(lib_a-wf_acos.o)
                0x000000000001216c                acosf
 *fill*         0x000000000001225a        0x2 
 .text.asinf    0x000000000001225c       0xee c:/st/stm32cubeide_1.11.2/stm32cubeide/features/com.stred.toolchain.win.feature_8.1.2/reisc-8.1.2-win-x86_64/bin/../lib/gcc/reisc/8.3.1/../../../../reisc/lib/mcpu-reiscl/mfp32-format-ieee\libm.a(lib_a-wf_asin.o)
                0x000000000001225c                asinf
 *fill*         0x000000000001234a        0x2 
 .text.atan2f   0x000000000001234c        0xe c:/st/stm32cubeide_1.11.2/stm32cubeide/features/com.stred.toolchain.win.feature_8.1.2/reisc-8.1.2-win-x86_64/bin/../lib/gcc/reisc/8.3.1/../../../../reisc/lib/mcpu-reiscl/mfp32-format-ieee\libm.a(lib_a-wf_atan2.o)
                0x000000000001234c                atan2f
 *fill*         0x000000000001235a        0x2 
 .text.sqrtf    0x000000000001235c      0x10a c:/st/stm32cubeide_1.11.2/stm32cubeide/features/com.stred.toolchain.win.feature_8.1.2/reisc-8.1.2-win-x86_64/bin/../lib/gcc/reisc/8.3.1/../../../../reisc/lib/mcpu-reiscl/mfp32-format-ieee\libm.a(lib_a-wf_sqrt.o)
                0x000000000001235c                sqrtf
 *fill*         0x0000000000012466        0x2 
 .text.__ieee754_acosf
                0x0000000000012468      0x20c c:/st/stm32cubeide_1.11.2/stm32cubeide/features/com.stred.toolchain.win.feature_8.1.2/reisc-8.1.2-win-x86_64/bin/../lib/gcc/reisc/8.3.1/../../../../reisc/lib/mcpu-reiscl/mfp32-format-ieee\libm.a(lib_a-ef_acos.o)
                0x0000000000012468                __ieee754_acosf
 .text.__ieee754_asinf
                0x0000000000012674      0x1f8 c:/st/stm32cubeide_1.11.2/stm32cubeide/features/com.stred.toolchain.win.feature_8.1.2/reisc-8.1.2-win-x86_64/bin/../lib/gcc/reisc/8.3.1/../../../../reisc/lib/mcpu-reiscl/mfp32-format-ieee\libm.a(lib_a-ef_asin.o)
                0x0000000000012674                __ieee754_asinf
 .text.__ieee754_atan2f
                0x000000000001286c      0x184 c:/st/stm32cubeide_1.11.2/stm32cubeide/features/com.stred.toolchain.win.feature_8.1.2/reisc-8.1.2-win-x86_64/bin/../lib/gcc/reisc/8.3.1/../../../../reisc/lib/mcpu-reiscl/mfp32-format-ieee\libm.a(lib_a-ef_atan2.o)
                0x000000000001286c                __ieee754_atan2f
 .text.__ieee754_rem_pio2f
                0x00000000000129f0      0x2ce c:/st/stm32cubeide_1.11.2/stm32cubeide/features/com.stred.toolchain.win.feature_8.1.2/reisc-8.1.2-win-x86_64/bin/../lib/gcc/reisc/8.3.1/../../../../reisc/lib/mcpu-reiscl/mfp32-format-ieee\libm.a(lib_a-ef_rem_pio2.o)
                0x00000000000129f0                __ieee754_rem_pio2f
 *fill*         0x0000000000012cbe        0x2 
 .text.__ieee754_sqrtf
                0x0000000000012cc0       0xf6 c:/st/stm32cubeide_1.11.2/stm32cubeide/features/com.stred.toolchain.win.feature_8.1.2/reisc-8.1.2-win-x86_64/bin/../lib/gcc/reisc/8.3.1/../../../../reisc/lib/mcpu-reiscl/mfp32-format-ieee\libm.a(lib_a-ef_sqrt.o)
                0x0000000000012cc0                __ieee754_sqrtf
 *fill*         0x0000000000012db6        0x2 
 .text.__kernel_cosf
                0x0000000000012db8      0x110 c:/st/stm32cubeide_1.11.2/stm32cubeide/features/com.stred.toolchain.win.feature_8.1.2/reisc-8.1.2-win-x86_64/bin/../lib/gcc/reisc/8.3.1/../../../../reisc/lib/mcpu-reiscl/mfp32-format-ieee\libm.a(lib_a-kf_cos.o)
                0x0000000000012db8                __kernel_cosf
 .text.__kernel_rem_pio2f
                0x0000000000012ec8      0x8fc c:/st/stm32cubeide_1.11.2/stm32cubeide/features/com.stred.toolchain.win.feature_8.1.2/reisc-8.1.2-win-x86_64/bin/../lib/gcc/reisc/8.3.1/../../../../reisc/lib/mcpu-reiscl/mfp32-format-ieee\libm.a(lib_a-kf_rem_pio2.o)
                0x0000000000012ec8                __kernel_rem_pio2f
 .text.__kernel_sinf
                0x00000000000137c4       0xc6 c:/st/stm32cubeide_1.11.2/stm32cubeide/features/com.stred.toolchain.win.feature_8.1.2/reisc-8.1.2-win-x86_64/bin/../lib/gcc/reisc/8.3.1/../../../../reisc/lib/mcpu-reiscl/mfp32-format-ieee\libm.a(lib_a-kf_sin.o)
                0x00000000000137c4                __kernel_sinf
 *fill*         0x000000000001388a        0x2 
 .text.atanf    0x000000000001388c      0x1a8 c:/st/stm32cubeide_1.11.2/stm32cubeide/features/com.stred.toolchain.win.feature_8.1.2/reisc-8.1.2-win-x86_64/bin/../lib/gcc/reisc/8.3.1/../../../../reisc/lib/mcpu-reiscl/mfp32-format-ieee\libm.a(lib_a-sf_atan.o)
                0x000000000001388c                atanf
 .text.fabsf    0x0000000000013a34        0x8 c:/st/stm32cubeide_1.11.2/stm32cubeide/features/com.stred.toolchain.win.feature_8.1.2/reisc-8.1.2-win-x86_64/bin/../lib/gcc/reisc/8.3.1/../../../../reisc/lib/mcpu-reiscl/mfp32-format-ieee\libm.a(lib_a-sf_fabs.o)
                0x0000000000013a34                fabsf
 .text.floorf   0x0000000000013a3c       0xc0 c:/st/stm32cubeide_1.11.2/stm32cubeide/features/com.stred.toolchain.win.feature_8.1.2/reisc-8.1.2-win-x86_64/bin/../lib/gcc/reisc/8.3.1/../../../../reisc/lib/mcpu-reiscl/mfp32-format-ieee\libm.a(lib_a-sf_floor.o)
                0x0000000000013a3c                floorf
 .text.__fpclassifyf
                0x0000000000013afc       0x48 c:/st/stm32cubeide_1.11.2/stm32cubeide/features/com.stred.toolchain.win.feature_8.1.2/reisc-8.1.2-win-x86_64/bin/../lib/gcc/reisc/8.3.1/../../../../reisc/lib/mcpu-reiscl/mfp32-format-ieee\libm.a(lib_a-sf_fpclassify.o)
                0x0000000000013afc                __fpclassifyf
 .text.scalbnf  0x0000000000013b44       0xe6 c:/st/stm32cubeide_1.11.2/stm32cubeide/features/com.stred.toolchain.win.feature_8.1.2/reisc-8.1.2-win-x86_64/bin/../lib/gcc/reisc/8.3.1/../../../../reisc/lib/mcpu-reiscl/mfp32-format-ieee\libm.a(lib_a-sf_scalbn.o)
                0x0000000000013b44                scalbnf
 *fill*         0x0000000000013c2a        0x2 
 .text.matherr  0x0000000000013c2c        0x4 c:/st/stm32cubeide_1.11.2/stm32cubeide/features/com.stred.toolchain.win.feature_8.1.2/reisc-8.1.2-win-x86_64/bin/../lib/gcc/reisc/8.3.1/../../../../reisc/lib/mcpu-reiscl/mfp32-format-ieee\libm.a(lib_a-s_matherr.o)
                0x0000000000013c2c                matherr
 .text.nan      0x0000000000013c30        0xa c:/st/stm32cubeide_1.11.2/stm32cubeide/features/com.stred.toolchain.win.feature_8.1.2/reisc-8.1.2-win-x86_64/bin/../lib/gcc/reisc/8.3.1/../../../../reisc/lib/mcpu-reiscl/mfp32-format-ieee\libm.a(lib_a-s_nan.o)
                0x0000000000013c30                nan
 *fill*         0x0000000000013c3a        0x2 
 .text.copysignf
                0x0000000000013c3c       0x10 c:/st/stm32cubeide_1.11.2/stm32cubeide/features/com.stred.toolchain.win.feature_8.1.2/reisc-8.1.2-win-x86_64/bin/../lib/gcc/reisc/8.3.1/../../../../reisc/lib/mcpu-reiscl/mfp32-format-ieee\libm.a(lib_a-sf_copysign.o)
                0x0000000000013c3c                copysignf
 .text.__fixsfsi
                0x0000000000013c4c       0x7a c:/st/stm32cubeide_1.11.2/stm32cubeide/features/com.stred.toolchain.win.feature_8.1.2/reisc-8.1.2-win-x86_64/bin/../lib/gcc/reisc/8.3.1/mcpu-reiscl/mfp32-format-ieee\libgcc.a(fixsfsi.o)
                0x0000000000013c4c                __fixsfsi
 *fill*         0x0000000000013cc6        0x2 
 .text.__divdf3
                0x0000000000013cc8      0x8a4 c:/st/stm32cubeide_1.11.2/stm32cubeide/features/com.stred.toolchain.win.feature_8.1.2/reisc-8.1.2-win-x86_64/bin/../lib/gcc/reisc/8.3.1/mcpu-reiscl/mfp32-format-ieee\libgcc.a(divdf3.o)
                0x0000000000013cc8                __divdf3
 .text.__extendsfdf2
                0x000000000001456c       0xe8 c:/st/stm32cubeide_1.11.2/stm32cubeide/features/com.stred.toolchain.win.feature_8.1.2/reisc-8.1.2-win-x86_64/bin/../lib/gcc/reisc/8.3.1/mcpu-reiscl/mfp32-format-ieee\libgcc.a(extendsfdf2.o)
                0x000000000001456c                __extendsfdf2
 .text.__truncdfsf2
                0x0000000000014654      0x184 c:/st/stm32cubeide_1.11.2/stm32cubeide/features/com.stred.toolchain.win.feature_8.1.2/reisc-8.1.2-win-x86_64/bin/../lib/gcc/reisc/8.3.1/mcpu-reiscl/mfp32-format-ieee\libgcc.a(truncdfsf2.o)
                0x0000000000014654                __truncdfsf2
 .text.__mulsi3
                0x00000000000147d8       0x16 c:/st/stm32cubeide_1.11.2/stm32cubeide/features/com.stred.toolchain.win.feature_8.1.2/reisc-8.1.2-win-x86_64/bin/../lib/gcc/reisc/8.3.1/mcpu-reiscl/mfp32-format-ieee\libgcc.a(_mulsi3.o)
                0x00000000000147d8                __mulsi3
 *fill*         0x00000000000147ee        0x2 
 .text.__udivsi3
                0x00000000000147f0       0x10 c:/st/stm32cubeide_1.11.2/stm32cubeide/features/com.stred.toolchain.win.feature_8.1.2/reisc-8.1.2-win-x86_64/bin/../lib/gcc/reisc/8.3.1/mcpu-reiscl/mfp32-format-ieee\libgcc.a(udivmod.o)
                0x00000000000147f0                __udivsi3
 .text.__umodsi3
                0x0000000000014800       0x10 c:/st/stm32cubeide_1.11.2/stm32cubeide/features/com.stred.toolchain.win.feature_8.1.2/reisc-8.1.2-win-x86_64/bin/../lib/gcc/reisc/8.3.1/mcpu-reiscl/mfp32-format-ieee\libgcc.a(udivmod.o)
                0x0000000000014800                __umodsi3
 .text.udivmodsi4
                0x0000000000014810       0x52 c:/st/stm32cubeide_1.11.2/stm32cubeide/features/com.stred.toolchain.win.feature_8.1.2/reisc-8.1.2-win-x86_64/bin/../lib/gcc/reisc/8.3.1/mcpu-reiscl/mfp32-format-ieee\libgcc.a(udivmodsi4.o)
                0x0000000000014810                udivmodsi4
                0x0000000000014864                . = ALIGN (0x4)
 *fill*         0x0000000000014862        0x2 
                [!provide]                        PROVIDE (_etext = .)

.rodata         0x0000000000014864      0x66c
 *(.rodata .rodata.* .gnu.linkonce.r.*)
 .rodata.conf_default
                0x0000000000014864       0x6c ../../lib\libMotionFX.a(inemo.o)
 .rodata.__divsf3
                0x00000000000148d0       0xac c:/st/stm32cubeide_1.11.2/stm32cubeide/features/com.stred.toolchain.win.feature_8.1.2/reisc-8.1.2-win-x86_64/bin/../lib/gcc/reisc/8.3.1/mcpu-reiscl/mfp32-format-ieee\libgcc.a(divsf3.o)
 .rodata.__clz_tab
                0x000000000001497c      0x100 c:/st/stm32cubeide_1.11.2/stm32cubeide/features/com.stred.toolchain.win.feature_8.1.2/reisc-8.1.2-win-x86_64/bin/../lib/gcc/reisc/8.3.1/mcpu-reiscl/mfp32-format-ieee\libgcc.a(_clz.o)
                0x000000000001497c                __clz_tab
 .rodata._global_impure_ptr
                0x0000000000014a7c        0x4 c:/st/stm32cubeide_1.11.2/stm32cubeide/features/com.stred.toolchain.win.feature_8.1.2/reisc-8.1.2-win-x86_64/bin/../lib/gcc/reisc/8.3.1/../../../../reisc/lib/mcpu-reiscl/mfp32-format-ieee\libc_nano.a(lib_a-impure.o)
                0x0000000000014a7c                _global_impure_ptr
 .rodata.str1.4
                0x0000000000014a80        0x2 c:/st/stm32cubeide_1.11.2/stm32cubeide/features/com.stred.toolchain.win.feature_8.1.2/reisc-8.1.2-win-x86_64/bin/../lib/gcc/reisc/8.3.1/../../../../reisc/lib/mcpu-reiscl/mfp32-format-ieee\libc_nano.a(lib_a-impure.o)
 *fill*         0x0000000000014a82        0x2 
 .rodata.acosf.str1.4
                0x0000000000014a84        0x9 c:/st/stm32cubeide_1.11.2/stm32cubeide/features/com.stred.toolchain.win.feature_8.1.2/reisc-8.1.2-win-x86_64/bin/../lib/gcc/reisc/8.3.1/../../../../reisc/lib/mcpu-reiscl/mfp32-format-ieee\libm.a(lib_a-wf_acos.o)
 *fill*         0x0000000000014a8d        0x3 
 .rodata.asinf.str1.4
                0x0000000000014a90        0x6 c:/st/stm32cubeide_1.11.2/stm32cubeide/features/com.stred.toolchain.win.feature_8.1.2/reisc-8.1.2-win-x86_64/bin/../lib/gcc/reisc/8.3.1/../../../../reisc/lib/mcpu-reiscl/mfp32-format-ieee\libm.a(lib_a-wf_asin.o)
                                          0x9 (size before relaxing)
 *fill*         0x0000000000014a96        0x2 
 .rodata.sqrtf.str1.4
                0x0000000000014a98        0x8 c:/st/stm32cubeide_1.11.2/stm32cubeide/features/com.stred.toolchain.win.feature_8.1.2/reisc-8.1.2-win-x86_64/bin/../lib/gcc/reisc/8.3.1/../../../../reisc/lib/mcpu-reiscl/mfp32-format-ieee\libm.a(lib_a-wf_sqrt.o)
                                          0x6 (size before relaxing)
 .rodata.npio2_hw
                0x0000000000014aa0       0x80 c:/st/stm32cubeide_1.11.2/stm32cubeide/features/com.stred.toolchain.win.feature_8.1.2/reisc-8.1.2-win-x86_64/bin/../lib/gcc/reisc/8.3.1/../../../../reisc/lib/mcpu-reiscl/mfp32-format-ieee\libm.a(lib_a-ef_rem_pio2.o)
 .rodata.two_over_pi
                0x0000000000014b20      0x318 c:/st/stm32cubeide_1.11.2/stm32cubeide/features/com.stred.toolchain.win.feature_8.1.2/reisc-8.1.2-win-x86_64/bin/../lib/gcc/reisc/8.3.1/../../../../reisc/lib/mcpu-reiscl/mfp32-format-ieee\libm.a(lib_a-ef_rem_pio2.o)
 .rodata.PIo2   0x0000000000014e38       0x2c c:/st/stm32cubeide_1.11.2/stm32cubeide/features/com.stred.toolchain.win.feature_8.1.2/reisc-8.1.2-win-x86_64/bin/../lib/gcc/reisc/8.3.1/../../../../reisc/lib/mcpu-reiscl/mfp32-format-ieee\libm.a(lib_a-kf_rem_pio2.o)
 .rodata.init_jk
                0x0000000000014e64        0xc c:/st/stm32cubeide_1.11.2/stm32cubeide/features/com.stred.toolchain.win.feature_8.1.2/reisc-8.1.2-win-x86_64/bin/../lib/gcc/reisc/8.3.1/../../../../reisc/lib/mcpu-reiscl/mfp32-format-ieee\libm.a(lib_a-kf_rem_pio2.o)
 .rodata.atanlo
                0x0000000000014e70       0x10 c:/st/stm32cubeide_1.11.2/stm32cubeide/features/com.stred.toolchain.win.feature_8.1.2/reisc-8.1.2-win-x86_64/bin/../lib/gcc/reisc/8.3.1/../../../../reisc/lib/mcpu-reiscl/mfp32-format-ieee\libm.a(lib_a-sf_atan.o)
 .rodata.atanhi
                0x0000000000014e80       0x10 c:/st/stm32cubeide_1.11.2/stm32cubeide/features/com.stred.toolchain.win.feature_8.1.2/reisc-8.1.2-win-x86_64/bin/../lib/gcc/reisc/8.3.1/../../../../reisc/lib/mcpu-reiscl/mfp32-format-ieee\libm.a(lib_a-sf_atan.o)
 .rodata.__divdf3
                0x0000000000014e90       0x40 c:/st/stm32cubeide_1.11.2/stm32cubeide/features/com.stred.toolchain.win.feature_8.1.2/reisc-8.1.2-win-x86_64/bin/../lib/gcc/reisc/8.3.1/mcpu-reiscl/mfp32-format-ieee\libgcc.a(divdf3.o)
                0x0000000000014ed0                . = ALIGN (0x4)
                [!provide]                        PROVIDE (_erodata = .)

.data           0x0000000000000000       0x6c
 *(.data .data.* .gnu.linkonce.d.*)
 .data.lock     0x0000000000000000        0x1 ../../lib\libMotionFX.a(motion_fx.o)
 *fill*         0x0000000000000001        0x3 
 .data._impure_ptr
                0x0000000000000004        0x4 c:/st/stm32cubeide_1.11.2/stm32cubeide/features/com.stred.toolchain.win.feature_8.1.2/reisc-8.1.2-win-x86_64/bin/../lib/gcc/reisc/8.3.1/../../../../reisc/lib/mcpu-reiscl/mfp32-format-ieee\libc_nano.a(lib_a-impure.o)
                0x0000000000000004                _impure_ptr
 .data.impure_data
                0x0000000000000008       0x60 c:/st/stm32cubeide_1.11.2/stm32cubeide/features/com.stred.toolchain.win.feature_8.1.2/reisc-8.1.2-win-x86_64/bin/../lib/gcc/reisc/8.3.1/../../../../reisc/lib/mcpu-reiscl/mfp32-format-ieee\libc_nano.a(lib_a-impure.o)
 .data.__fdlib_version
                0x0000000000000068        0x4 c:/st/stm32cubeide_1.11.2/stm32cubeide/features/com.stred.toolchain.win.feature_8.1.2/reisc-8.1.2-win-x86_64/bin/../lib/gcc/reisc/8.3.1/../../../../reisc/lib/mcpu-reiscl/mfp32-format-ieee\libm.a(lib_a-s_lib_ver.o)
                0x0000000000000068                __fdlib_version
                0x000000000000006c                . = ALIGN (0x4)
                0x000000000000006c                _data = .
                0x000000000000006c                PROVIDE (_edata = .)
                [!provide]                        PROVIDE (_bss_start = .)
                [!provide]                        PROVIDE (__bss_start = .)

.bss            0x000000000000006c       0x1c
 *(.bss .bss.* .gnu.linkonce.b.*)
 .bss.mfx_6x    0x000000000000006c        0x4 ./src/main.o
 .bss.dtime     0x0000000000000070        0x4 ./src/main.o
 .bss.int_status
                0x0000000000000074        0x4 ./src/main.o
 .bss.__malloc_sbrk_start
                0x0000000000000078        0x4 c:/st/stm32cubeide_1.11.2/stm32cubeide/features/com.stred.toolchain.win.feature_8.1.2/reisc-8.1.2-win-x86_64/bin/../lib/gcc/reisc/8.3.1/../../../../reisc/lib/mcpu-reiscl/mfp32-format-ieee\libc_nano.a(lib_a-nano-mallocr.o)
                0x0000000000000078                __malloc_sbrk_start
 .bss.__malloc_free_list
                0x000000000000007c        0x4 c:/st/stm32cubeide_1.11.2/stm32cubeide/features/com.stred.toolchain.win.feature_8.1.2/reisc-8.1.2-win-x86_64/bin/../lib/gcc/reisc/8.3.1/../../../../reisc/lib/mcpu-reiscl/mfp32-format-ieee\libc_nano.a(lib_a-nano-mallocr.o)
                0x000000000000007c                __malloc_free_list
 .bss.__heap_end_3593
                0x0000000000000080        0x4 c:/st/stm32cubeide_1.11.2/stm32cubeide/features/com.stred.toolchain.win.feature_8.1.2/reisc-8.1.2-win-x86_64/bin/../lib/gcc/reisc/8.3.1/../../../../reisc/lib/mcpu-reiscl/mfp32-format-ieee\libsim.a(syscalls.o)
 *(COMMON)
 COMMON         0x0000000000000084        0x4 c:/st/stm32cubeide_1.11.2/stm32cubeide/features/com.stred.toolchain.win.feature_8.1.2/reisc-8.1.2-win-x86_64/bin/../lib/gcc/reisc/8.3.1/../../../../reisc/lib/mcpu-reiscl/mfp32-format-ieee\libc_nano.a(lib_a-reent.o)
                0x0000000000000084                errno
                0x0000000000000088                . = ALIGN (0x4)
                0x0000000000000088                PROVIDE (_ebss = .)
                0x0000000000000088                PROVIDE (_end = .)

.stab
 *(.stab)

.stabstr
 *(.stabstr)

.stab.excl
 *(.stab.excl)

.stab.exclstr
 *(.stab.exclstr)

.stab.index
 *(.stab.index)

.stab.indexstr
 *(.stab.indexstr)

.comment        0x0000000000000000       0x1a
 *(.comment)
 .comment       0x0000000000000000       0x1a ./src/main.o
                                         0x1b (size before relaxing)
 .comment       0x000000000000001a       0x1b ../../lib\libMotionFX.a(motion_fx.o)
 .comment       0x000000000000001a       0x1b ../../lib\libMotionFX.a(inemo.o)
 .comment       0x000000000000001a       0x1b ../../lib\libMotionFX.a(inemo_math.o)
 .comment       0x000000000000001a       0x1b c:/st/stm32cubeide_1.11.2/stm32cubeide/features/com.stred.toolchain.win.feature_8.1.2/reisc-8.1.2-win-x86_64/bin/../lib/gcc/reisc/8.3.1/mcpu-reiscl/mfp32-format-ieee\libgcc.a(divsf3.o)
 .comment       0x000000000000001a       0x1b c:/st/stm32cubeide_1.11.2/stm32cubeide/features/com.stred.toolchain.win.feature_8.1.2/reisc-8.1.2-win-x86_64/bin/../lib/gcc/reisc/8.3.1/mcpu-reiscl/mfp32-format-ieee\libgcc.a(eqsf2.o)
 .comment       0x000000000000001a       0x1b c:/st/stm32cubeide_1.11.2/stm32cubeide/features/com.stred.toolchain.win.feature_8.1.2/reisc-8.1.2-win-x86_64/bin/../lib/gcc/reisc/8.3.1/mcpu-reiscl/mfp32-format-ieee\libgcc.a(gesf2.o)
 .comment       0x000000000000001a       0x1b c:/st/stm32cubeide_1.11.2/stm32cubeide/features/com.stred.toolchain.win.feature_8.1.2/reisc-8.1.2-win-x86_64/bin/../lib/gcc/reisc/8.3.1/mcpu-reiscl/mfp32-format-ieee\libgcc.a(lesf2.o)
 .comment       0x000000000000001a       0x1b c:/st/stm32cubeide_1.11.2/stm32cubeide/features/com.stred.toolchain.win.feature_8.1.2/reisc-8.1.2-win-x86_64/bin/../lib/gcc/reisc/8.3.1/mcpu-reiscl/mfp32-format-ieee\libgcc.a(floatsisf.o)
 .comment       0x000000000000001a       0x1b c:/st/stm32cubeide_1.11.2/stm32cubeide/features/com.stred.toolchain.win.feature_8.1.2/reisc-8.1.2-win-x86_64/bin/../lib/gcc/reisc/8.3.1/mcpu-reiscl/mfp32-format-ieee\libgcc.a(_clzsi2.o)
 .comment       0x000000000000001a       0x1b c:/st/stm32cubeide_1.11.2/stm32cubeide/features/com.stred.toolchain.win.feature_8.1.2/reisc-8.1.2-win-x86_64/bin/../lib/gcc/reisc/8.3.1/mcpu-reiscl/mfp32-format-ieee\libgcc.a(_clz.o)
 .comment       0x000000000000001a       0x1b c:/st/stm32cubeide_1.11.2/stm32cubeide/features/com.stred.toolchain.win.feature_8.1.2/reisc-8.1.2-win-x86_64/bin/../lib/gcc/reisc/8.3.1/../../../../reisc/lib/mcpu-reiscl/mfp32-format-ieee\libc_nano.a(lib_a-exit.o)
 .comment       0x000000000000001a       0x1b c:/st/stm32cubeide_1.11.2/stm32cubeide/features/com.stred.toolchain.win.feature_8.1.2/reisc-8.1.2-win-x86_64/bin/../lib/gcc/reisc/8.3.1/../../../../reisc/lib/mcpu-reiscl/mfp32-format-ieee\libc_nano.a(lib_a-impure.o)
 .comment       0x000000000000001a       0x1b c:/st/stm32cubeide_1.11.2/stm32cubeide/features/com.stred.toolchain.win.feature_8.1.2/reisc-8.1.2-win-x86_64/bin/../lib/gcc/reisc/8.3.1/../../../../reisc/lib/mcpu-reiscl/mfp32-format-ieee\libc_nano.a(lib_a-malloc.o)
 .comment       0x000000000000001a       0x1b c:/st/stm32cubeide_1.11.2/stm32cubeide/features/com.stred.toolchain.win.feature_8.1.2/reisc-8.1.2-win-x86_64/bin/../lib/gcc/reisc/8.3.1/../../../../reisc/lib/mcpu-reiscl/mfp32-format-ieee\libc_nano.a(lib_a-memcpy.o)
 .comment       0x000000000000001a       0x1b c:/st/stm32cubeide_1.11.2/stm32cubeide/features/com.stred.toolchain.win.feature_8.1.2/reisc-8.1.2-win-x86_64/bin/../lib/gcc/reisc/8.3.1/../../../../reisc/lib/mcpu-reiscl/mfp32-format-ieee\libc_nano.a(lib_a-memset.o)
 .comment       0x000000000000001a       0x1b c:/st/stm32cubeide_1.11.2/stm32cubeide/features/com.stred.toolchain.win.feature_8.1.2/reisc-8.1.2-win-x86_64/bin/../lib/gcc/reisc/8.3.1/../../../../reisc/lib/mcpu-reiscl/mfp32-format-ieee\libc_nano.a(lib_a-nano-freer.o)
 .comment       0x000000000000001a       0x1b c:/st/stm32cubeide_1.11.2/stm32cubeide/features/com.stred.toolchain.win.feature_8.1.2/reisc-8.1.2-win-x86_64/bin/../lib/gcc/reisc/8.3.1/../../../../reisc/lib/mcpu-reiscl/mfp32-format-ieee\libc_nano.a(lib_a-nano-mallocr.o)
 .comment       0x000000000000001a       0x1b c:/st/stm32cubeide_1.11.2/stm32cubeide/features/com.stred.toolchain.win.feature_8.1.2/reisc-8.1.2-win-x86_64/bin/../lib/gcc/reisc/8.3.1/../../../../reisc/lib/mcpu-reiscl/mfp32-format-ieee\libc_nano.a(lib_a-sbrkr.o)
 .comment       0x000000000000001a       0x1b c:/st/stm32cubeide_1.11.2/stm32cubeide/features/com.stred.toolchain.win.feature_8.1.2/reisc-8.1.2-win-x86_64/bin/../lib/gcc/reisc/8.3.1/../../../../reisc/lib/mcpu-reiscl/mfp32-format-ieee\libc_nano.a(lib_a-reent.o)
 .comment       0x000000000000001a       0x1b c:/st/stm32cubeide_1.11.2/stm32cubeide/features/com.stred.toolchain.win.feature_8.1.2/reisc-8.1.2-win-x86_64/bin/../lib/gcc/reisc/8.3.1/../../../../reisc/lib/mcpu-reiscl/mfp32-format-ieee\libsim.a(syscalls.o)
 .comment       0x000000000000001a       0x1b c:/st/stm32cubeide_1.11.2/stm32cubeide/features/com.stred.toolchain.win.feature_8.1.2/reisc-8.1.2-win-x86_64/bin/../lib/gcc/reisc/8.3.1/../../../../reisc/lib/mcpu-reiscl/mfp32-format-ieee\libc.a(lib_a-errno.o)
 .comment       0x000000000000001a       0x1b c:/st/stm32cubeide_1.11.2/stm32cubeide/features/com.stred.toolchain.win.feature_8.1.2/reisc-8.1.2-win-x86_64/bin/../lib/gcc/reisc/8.3.1/../../../../reisc/lib/mcpu-reiscl/mfp32-format-ieee\libm.a(lib_a-sf_cos.o)
 .comment       0x000000000000001a       0x1b c:/st/stm32cubeide_1.11.2/stm32cubeide/features/com.stred.toolchain.win.feature_8.1.2/reisc-8.1.2-win-x86_64/bin/../lib/gcc/reisc/8.3.1/../../../../reisc/lib/mcpu-reiscl/mfp32-format-ieee\libm.a(lib_a-sf_sin.o)
 .comment       0x000000000000001a       0x1b c:/st/stm32cubeide_1.11.2/stm32cubeide/features/com.stred.toolchain.win.feature_8.1.2/reisc-8.1.2-win-x86_64/bin/../lib/gcc/reisc/8.3.1/../../../../reisc/lib/mcpu-reiscl/mfp32-format-ieee\libm.a(lib_a-wf_acos.o)
 .comment       0x000000000000001a       0x1b c:/st/stm32cubeide_1.11.2/stm32cubeide/features/com.stred.toolchain.win.feature_8.1.2/reisc-8.1.2-win-x86_64/bin/../lib/gcc/reisc/8.3.1/../../../../reisc/lib/mcpu-reiscl/mfp32-format-ieee\libm.a(lib_a-wf_asin.o)
 .comment       0x000000000000001a       0x1b c:/st/stm32cubeide_1.11.2/stm32cubeide/features/com.stred.toolchain.win.feature_8.1.2/reisc-8.1.2-win-x86_64/bin/../lib/gcc/reisc/8.3.1/../../../../reisc/lib/mcpu-reiscl/mfp32-format-ieee\libm.a(lib_a-wf_atan2.o)
 .comment       0x000000000000001a       0x1b c:/st/stm32cubeide_1.11.2/stm32cubeide/features/com.stred.toolchain.win.feature_8.1.2/reisc-8.1.2-win-x86_64/bin/../lib/gcc/reisc/8.3.1/../../../../reisc/lib/mcpu-reiscl/mfp32-format-ieee\libm.a(lib_a-wf_sqrt.o)
 .comment       0x000000000000001a       0x1b c:/st/stm32cubeide_1.11.2/stm32cubeide/features/com.stred.toolchain.win.feature_8.1.2/reisc-8.1.2-win-x86_64/bin/../lib/gcc/reisc/8.3.1/../../../../reisc/lib/mcpu-reiscl/mfp32-format-ieee\libm.a(lib_a-ef_acos.o)
 .comment       0x000000000000001a       0x1b c:/st/stm32cubeide_1.11.2/stm32cubeide/features/com.stred.toolchain.win.feature_8.1.2/reisc-8.1.2-win-x86_64/bin/../lib/gcc/reisc/8.3.1/../../../../reisc/lib/mcpu-reiscl/mfp32-format-ieee\libm.a(lib_a-ef_asin.o)
 .comment       0x000000000000001a       0x1b c:/st/stm32cubeide_1.11.2/stm32cubeide/features/com.stred.toolchain.win.feature_8.1.2/reisc-8.1.2-win-x86_64/bin/../lib/gcc/reisc/8.3.1/../../../../reisc/lib/mcpu-reiscl/mfp32-format-ieee\libm.a(lib_a-ef_atan2.o)
 .comment       0x000000000000001a       0x1b c:/st/stm32cubeide_1.11.2/stm32cubeide/features/com.stred.toolchain.win.feature_8.1.2/reisc-8.1.2-win-x86_64/bin/../lib/gcc/reisc/8.3.1/../../../../reisc/lib/mcpu-reiscl/mfp32-format-ieee\libm.a(lib_a-ef_rem_pio2.o)
 .comment       0x000000000000001a       0x1b c:/st/stm32cubeide_1.11.2/stm32cubeide/features/com.stred.toolchain.win.feature_8.1.2/reisc-8.1.2-win-x86_64/bin/../lib/gcc/reisc/8.3.1/../../../../reisc/lib/mcpu-reiscl/mfp32-format-ieee\libm.a(lib_a-ef_sqrt.o)
 .comment       0x000000000000001a       0x1b c:/st/stm32cubeide_1.11.2/stm32cubeide/features/com.stred.toolchain.win.feature_8.1.2/reisc-8.1.2-win-x86_64/bin/../lib/gcc/reisc/8.3.1/../../../../reisc/lib/mcpu-reiscl/mfp32-format-ieee\libm.a(lib_a-kf_cos.o)
 .comment       0x000000000000001a       0x1b c:/st/stm32cubeide_1.11.2/stm32cubeide/features/com.stred.toolchain.win.feature_8.1.2/reisc-8.1.2-win-x86_64/bin/../lib/gcc/reisc/8.3.1/../../../../reisc/lib/mcpu-reiscl/mfp32-format-ieee\libm.a(lib_a-kf_rem_pio2.o)
 .comment       0x000000000000001a       0x1b c:/st/stm32cubeide_1.11.2/stm32cubeide/features/com.stred.toolchain.win.feature_8.1.2/reisc-8.1.2-win-x86_64/bin/../lib/gcc/reisc/8.3.1/../../../../reisc/lib/mcpu-reiscl/mfp32-format-ieee\libm.a(lib_a-kf_sin.o)
 .comment       0x000000000000001a       0x1b c:/st/stm32cubeide_1.11.2/stm32cubeide/features/com.stred.toolchain.win.feature_8.1.2/reisc-8.1.2-win-x86_64/bin/../lib/gcc/reisc/8.3.1/../../../../reisc/lib/mcpu-reiscl/mfp32-format-ieee\libm.a(lib_a-sf_atan.o)
 .comment       0x000000000000001a       0x1b c:/st/stm32cubeide_1.11.2/stm32cubeide/features/com.stred.toolchain.win.feature_8.1.2/reisc-8.1.2-win-x86_64/bin/../lib/gcc/reisc/8.3.1/../../../../reisc/lib/mcpu-reiscl/mfp32-format-ieee\libm.a(lib_a-sf_fabs.o)
 .comment       0x000000000000001a       0x1b c:/st/stm32cubeide_1.11.2/stm32cubeide/features/com.stred.toolchain.win.feature_8.1.2/reisc-8.1.2-win-x86_64/bin/../lib/gcc/reisc/8.3.1/../../../../reisc/lib/mcpu-reiscl/mfp32-format-ieee\libm.a(lib_a-sf_floor.o)
 .comment       0x000000000000001a       0x1b c:/st/stm32cubeide_1.11.2/stm32cubeide/features/com.stred.toolchain.win.feature_8.1.2/reisc-8.1.2-win-x86_64/bin/../lib/gcc/reisc/8.3.1/../../../../reisc/lib/mcpu-reiscl/mfp32-format-ieee\libm.a(lib_a-sf_fpclassify.o)
 .comment       0x000000000000001a       0x1b c:/st/stm32cubeide_1.11.2/stm32cubeide/features/com.stred.toolchain.win.feature_8.1.2/reisc-8.1.2-win-x86_64/bin/../lib/gcc/reisc/8.3.1/../../../../reisc/lib/mcpu-reiscl/mfp32-format-ieee\libm.a(lib_a-sf_scalbn.o)
 .comment       0x000000000000001a       0x1b c:/st/stm32cubeide_1.11.2/stm32cubeide/features/com.stred.toolchain.win.feature_8.1.2/reisc-8.1.2-win-x86_64/bin/../lib/gcc/reisc/8.3.1/../../../../reisc/lib/mcpu-reiscl/mfp32-format-ieee\libm.a(lib_a-s_lib_ver.o)
 .comment       0x000000000000001a       0x1b c:/st/stm32cubeide_1.11.2/stm32cubeide/features/com.stred.toolchain.win.feature_8.1.2/reisc-8.1.2-win-x86_64/bin/../lib/gcc/reisc/8.3.1/../../../../reisc/lib/mcpu-reiscl/mfp32-format-ieee\libm.a(lib_a-s_matherr.o)
 .comment       0x000000000000001a       0x1b c:/st/stm32cubeide_1.11.2/stm32cubeide/features/com.stred.toolchain.win.feature_8.1.2/reisc-8.1.2-win-x86_64/bin/../lib/gcc/reisc/8.3.1/../../../../reisc/lib/mcpu-reiscl/mfp32-format-ieee\libm.a(lib_a-s_nan.o)
 .comment       0x000000000000001a       0x1b c:/st/stm32cubeide_1.11.2/stm32cubeide/features/com.stred.toolchain.win.feature_8.1.2/reisc-8.1.2-win-x86_64/bin/../lib/gcc/reisc/8.3.1/../../../../reisc/lib/mcpu-reiscl/mfp32-format-ieee\libm.a(lib_a-sf_copysign.o)
 .comment       0x000000000000001a       0x1b c:/st/stm32cubeide_1.11.2/stm32cubeide/features/com.stred.toolchain.win.feature_8.1.2/reisc-8.1.2-win-x86_64/bin/../lib/gcc/reisc/8.3.1/mcpu-reiscl/mfp32-format-ieee\libgcc.a(fixsfsi.o)
 .comment       0x000000000000001a       0x1b c:/st/stm32cubeide_1.11.2/stm32cubeide/features/com.stred.toolchain.win.feature_8.1.2/reisc-8.1.2-win-x86_64/bin/../lib/gcc/reisc/8.3.1/mcpu-reiscl/mfp32-format-ieee\libgcc.a(divdf3.o)
 .comment       0x000000000000001a       0x1b c:/st/stm32cubeide_1.11.2/stm32cubeide/features/com.stred.toolchain.win.feature_8.1.2/reisc-8.1.2-win-x86_64/bin/../lib/gcc/reisc/8.3.1/mcpu-reiscl/mfp32-format-ieee\libgcc.a(extendsfdf2.o)
 .comment       0x000000000000001a       0x1b c:/st/stm32cubeide_1.11.2/stm32cubeide/features/com.stred.toolchain.win.feature_8.1.2/reisc-8.1.2-win-x86_64/bin/../lib/gcc/reisc/8.3.1/mcpu-reiscl/mfp32-format-ieee\libgcc.a(truncdfsf2.o)
 .comment       0x000000000000001a       0x1b c:/st/stm32cubeide_1.11.2/stm32cubeide/features/com.stred.toolchain.win.feature_8.1.2/reisc-8.1.2-win-x86_64/bin/../lib/gcc/reisc/8.3.1/mcpu-reiscl/mfp32-format-ieee\libgcc.a(udivmod.o)
 .comment       0x000000000000001a       0x1b c:/st/stm32cubeide_1.11.2/stm32cubeide/features/com.stred.toolchain.win.feature_8.1.2/reisc-8.1.2-win-x86_64/bin/../lib/gcc/reisc/8.3.1/mcpu-reiscl/mfp32-format-ieee\libgcc.a(udivmodsi4.o)

.debug
 *(.debug)

.line
 *(.line)

.debug_srcinfo
 *(.debug_srcinfo)

.debug_sfnames
 *(.debug_sfnames)

.debug_aranges  0x0000000000000000      0x6b0
 *(.debug_aranges)
 .debug_aranges
                0x0000000000000000       0x20 c:/st/stm32cubeide_1.11.2/stm32cubeide/features/com.stred.toolchain.win.feature_8.1.2/reisc-8.1.2-win-x86_64/bin/../lib/gcc/reisc/8.3.1/mcpu-reiscl/mfp32-format-ieee\libgcc.a(divsf3.o)
 .debug_aranges
                0x0000000000000020       0x20 c:/st/stm32cubeide_1.11.2/stm32cubeide/features/com.stred.toolchain.win.feature_8.1.2/reisc-8.1.2-win-x86_64/bin/../lib/gcc/reisc/8.3.1/mcpu-reiscl/mfp32-format-ieee\libgcc.a(eqsf2.o)
 .debug_aranges
                0x0000000000000040       0x20 c:/st/stm32cubeide_1.11.2/stm32cubeide/features/com.stred.toolchain.win.feature_8.1.2/reisc-8.1.2-win-x86_64/bin/../lib/gcc/reisc/8.3.1/mcpu-reiscl/mfp32-format-ieee\libgcc.a(gesf2.o)
 .debug_aranges
                0x0000000000000060       0x20 c:/st/stm32cubeide_1.11.2/stm32cubeide/features/com.stred.toolchain.win.feature_8.1.2/reisc-8.1.2-win-x86_64/bin/../lib/gcc/reisc/8.3.1/mcpu-reiscl/mfp32-format-ieee\libgcc.a(lesf2.o)
 .debug_aranges
                0x0000000000000080       0x20 c:/st/stm32cubeide_1.11.2/stm32cubeide/features/com.stred.toolchain.win.feature_8.1.2/reisc-8.1.2-win-x86_64/bin/../lib/gcc/reisc/8.3.1/mcpu-reiscl/mfp32-format-ieee\libgcc.a(floatsisf.o)
 .debug_aranges
                0x00000000000000a0       0x20 c:/st/stm32cubeide_1.11.2/stm32cubeide/features/com.stred.toolchain.win.feature_8.1.2/reisc-8.1.2-win-x86_64/bin/../lib/gcc/reisc/8.3.1/mcpu-reiscl/mfp32-format-ieee\libgcc.a(_clzsi2.o)
 .debug_aranges
                0x00000000000000c0       0x18 c:/st/stm32cubeide_1.11.2/stm32cubeide/features/com.stred.toolchain.win.feature_8.1.2/reisc-8.1.2-win-x86_64/bin/../lib/gcc/reisc/8.3.1/mcpu-reiscl/mfp32-format-ieee\libgcc.a(_clz.o)
 .debug_aranges
                0x00000000000000d8       0x20 c:/st/stm32cubeide_1.11.2/stm32cubeide/features/com.stred.toolchain.win.feature_8.1.2/reisc-8.1.2-win-x86_64/bin/../lib/gcc/reisc/8.3.1/../../../../reisc/lib/mcpu-reiscl/mfp32-format-ieee\libc_nano.a(lib_a-exit.o)
 .debug_aranges
                0x00000000000000f8       0x18 c:/st/stm32cubeide_1.11.2/stm32cubeide/features/com.stred.toolchain.win.feature_8.1.2/reisc-8.1.2-win-x86_64/bin/../lib/gcc/reisc/8.3.1/../../../../reisc/lib/mcpu-reiscl/mfp32-format-ieee\libc_nano.a(lib_a-impure.o)
 .debug_aranges
                0x0000000000000110       0x28 c:/st/stm32cubeide_1.11.2/stm32cubeide/features/com.stred.toolchain.win.feature_8.1.2/reisc-8.1.2-win-x86_64/bin/../lib/gcc/reisc/8.3.1/../../../../reisc/lib/mcpu-reiscl/mfp32-format-ieee\libc_nano.a(lib_a-malloc.o)
 .debug_aranges
                0x0000000000000138       0x20 c:/st/stm32cubeide_1.11.2/stm32cubeide/features/com.stred.toolchain.win.feature_8.1.2/reisc-8.1.2-win-x86_64/bin/../lib/gcc/reisc/8.3.1/../../../../reisc/lib/mcpu-reiscl/mfp32-format-ieee\libc_nano.a(lib_a-memcpy.o)
 .debug_aranges
                0x0000000000000158       0x20 c:/st/stm32cubeide_1.11.2/stm32cubeide/features/com.stred.toolchain.win.feature_8.1.2/reisc-8.1.2-win-x86_64/bin/../lib/gcc/reisc/8.3.1/../../../../reisc/lib/mcpu-reiscl/mfp32-format-ieee\libc_nano.a(lib_a-memset.o)
 .debug_aranges
                0x0000000000000178       0x20 c:/st/stm32cubeide_1.11.2/stm32cubeide/features/com.stred.toolchain.win.feature_8.1.2/reisc-8.1.2-win-x86_64/bin/../lib/gcc/reisc/8.3.1/../../../../reisc/lib/mcpu-reiscl/mfp32-format-ieee\libc_nano.a(lib_a-nano-freer.o)
 .debug_aranges
                0x0000000000000198       0x20 c:/st/stm32cubeide_1.11.2/stm32cubeide/features/com.stred.toolchain.win.feature_8.1.2/reisc-8.1.2-win-x86_64/bin/../lib/gcc/reisc/8.3.1/../../../../reisc/lib/mcpu-reiscl/mfp32-format-ieee\libc_nano.a(lib_a-nano-mallocr.o)
 .debug_aranges
                0x00000000000001b8       0x20 c:/st/stm32cubeide_1.11.2/stm32cubeide/features/com.stred.toolchain.win.feature_8.1.2/reisc-8.1.2-win-x86_64/bin/../lib/gcc/reisc/8.3.1/../../../../reisc/lib/mcpu-reiscl/mfp32-format-ieee\libc_nano.a(lib_a-sbrkr.o)
 .debug_aranges
                0x00000000000001d8       0x28 c:/st/stm32cubeide_1.11.2/stm32cubeide/features/com.stred.toolchain.win.feature_8.1.2/reisc-8.1.2-win-x86_64/bin/../lib/gcc/reisc/8.3.1/../../../../reisc/lib/mcpu-reiscl/mfp32-format-ieee\libc_nano.a(lib_a-reent.o)
 .debug_aranges
                0x0000000000000200       0xf0 c:/st/stm32cubeide_1.11.2/stm32cubeide/features/com.stred.toolchain.win.feature_8.1.2/reisc-8.1.2-win-x86_64/bin/../lib/gcc/reisc/8.3.1/../../../../reisc/lib/mcpu-reiscl/mfp32-format-ieee\libsim.a(syscalls.o)
 .debug_aranges
                0x00000000000002f0       0x20 c:/st/stm32cubeide_1.11.2/stm32cubeide/features/com.stred.toolchain.win.feature_8.1.2/reisc-8.1.2-win-x86_64/bin/../lib/gcc/reisc/8.3.1/../../../../reisc/lib/mcpu-reiscl/mfp32-format-ieee\libc.a(lib_a-errno.o)
 .debug_aranges
                0x0000000000000310       0x20 c:/st/stm32cubeide_1.11.2/stm32cubeide/features/com.stred.toolchain.win.feature_8.1.2/reisc-8.1.2-win-x86_64/bin/../lib/gcc/reisc/8.3.1/../../../../reisc/lib/mcpu-reiscl/mfp32-format-ieee\libm.a(lib_a-sf_cos.o)
 .debug_aranges
                0x0000000000000330       0x20 c:/st/stm32cubeide_1.11.2/stm32cubeide/features/com.stred.toolchain.win.feature_8.1.2/reisc-8.1.2-win-x86_64/bin/../lib/gcc/reisc/8.3.1/../../../../reisc/lib/mcpu-reiscl/mfp32-format-ieee\libm.a(lib_a-sf_sin.o)
 .debug_aranges
                0x0000000000000350       0x20 c:/st/stm32cubeide_1.11.2/stm32cubeide/features/com.stred.toolchain.win.feature_8.1.2/reisc-8.1.2-win-x86_64/bin/../lib/gcc/reisc/8.3.1/../../../../reisc/lib/mcpu-reiscl/mfp32-format-ieee\libm.a(lib_a-wf_acos.o)
 .debug_aranges
                0x0000000000000370       0x20 c:/st/stm32cubeide_1.11.2/stm32cubeide/features/com.stred.toolchain.win.feature_8.1.2/reisc-8.1.2-win-x86_64/bin/../lib/gcc/reisc/8.3.1/../../../../reisc/lib/mcpu-reiscl/mfp32-format-ieee\libm.a(lib_a-wf_asin.o)
 .debug_aranges
                0x0000000000000390       0x20 c:/st/stm32cubeide_1.11.2/stm32cubeide/features/com.stred.toolchain.win.feature_8.1.2/reisc-8.1.2-win-x86_64/bin/../lib/gcc/reisc/8.3.1/../../../../reisc/lib/mcpu-reiscl/mfp32-format-ieee\libm.a(lib_a-wf_atan2.o)
 .debug_aranges
                0x00000000000003b0       0x20 c:/st/stm32cubeide_1.11.2/stm32cubeide/features/com.stred.toolchain.win.feature_8.1.2/reisc-8.1.2-win-x86_64/bin/../lib/gcc/reisc/8.3.1/../../../../reisc/lib/mcpu-reiscl/mfp32-format-ieee\libm.a(lib_a-wf_sqrt.o)
 .debug_aranges
                0x00000000000003d0       0x20 c:/st/stm32cubeide_1.11.2/stm32cubeide/features/com.stred.toolchain.win.feature_8.1.2/reisc-8.1.2-win-x86_64/bin/../lib/gcc/reisc/8.3.1/../../../../reisc/lib/mcpu-reiscl/mfp32-format-ieee\libm.a(lib_a-ef_acos.o)
 .debug_aranges
                0x00000000000003f0       0x20 c:/st/stm32cubeide_1.11.2/stm32cubeide/features/com.stred.toolchain.win.feature_8.1.2/reisc-8.1.2-win-x86_64/bin/../lib/gcc/reisc/8.3.1/../../../../reisc/lib/mcpu-reiscl/mfp32-format-ieee\libm.a(lib_a-ef_asin.o)
 .debug_aranges
                0x0000000000000410       0x20 c:/st/stm32cubeide_1.11.2/stm32cubeide/features/com.stred.toolchain.win.feature_8.1.2/reisc-8.1.2-win-x86_64/bin/../lib/gcc/reisc/8.3.1/../../../../reisc/lib/mcpu-reiscl/mfp32-format-ieee\libm.a(lib_a-ef_atan2.o)
 .debug_aranges
                0x0000000000000430       0x20 c:/st/stm32cubeide_1.11.2/stm32cubeide/features/com.stred.toolchain.win.feature_8.1.2/reisc-8.1.2-win-x86_64/bin/../lib/gcc/reisc/8.3.1/../../../../reisc/lib/mcpu-reiscl/mfp32-format-ieee\libm.a(lib_a-ef_rem_pio2.o)
 .debug_aranges
                0x0000000000000450       0x20 c:/st/stm32cubeide_1.11.2/stm32cubeide/features/com.stred.toolchain.win.feature_8.1.2/reisc-8.1.2-win-x86_64/bin/../lib/gcc/reisc/8.3.1/../../../../reisc/lib/mcpu-reiscl/mfp32-format-ieee\libm.a(lib_a-ef_sqrt.o)
 .debug_aranges
                0x0000000000000470       0x20 c:/st/stm32cubeide_1.11.2/stm32cubeide/features/com.stred.toolchain.win.feature_8.1.2/reisc-8.1.2-win-x86_64/bin/../lib/gcc/reisc/8.3.1/../../../../reisc/lib/mcpu-reiscl/mfp32-format-ieee\libm.a(lib_a-kf_cos.o)
 .debug_aranges
                0x0000000000000490       0x20 c:/st/stm32cubeide_1.11.2/stm32cubeide/features/com.stred.toolchain.win.feature_8.1.2/reisc-8.1.2-win-x86_64/bin/../lib/gcc/reisc/8.3.1/../../../../reisc/lib/mcpu-reiscl/mfp32-format-ieee\libm.a(lib_a-kf_rem_pio2.o)
 .debug_aranges
                0x00000000000004b0       0x20 c:/st/stm32cubeide_1.11.2/stm32cubeide/features/com.stred.toolchain.win.feature_8.1.2/reisc-8.1.2-win-x86_64/bin/../lib/gcc/reisc/8.3.1/../../../../reisc/lib/mcpu-reiscl/mfp32-format-ieee\libm.a(lib_a-kf_sin.o)
 .debug_aranges
                0x00000000000004d0       0x20 c:/st/stm32cubeide_1.11.2/stm32cubeide/features/com.stred.toolchain.win.feature_8.1.2/reisc-8.1.2-win-x86_64/bin/../lib/gcc/reisc/8.3.1/../../../../reisc/lib/mcpu-reiscl/mfp32-format-ieee\libm.a(lib_a-sf_atan.o)
 .debug_aranges
                0x00000000000004f0       0x20 c:/st/stm32cubeide_1.11.2/stm32cubeide/features/com.stred.toolchain.win.feature_8.1.2/reisc-8.1.2-win-x86_64/bin/../lib/gcc/reisc/8.3.1/../../../../reisc/lib/mcpu-reiscl/mfp32-format-ieee\libm.a(lib_a-sf_fabs.o)
 .debug_aranges
                0x0000000000000510       0x20 c:/st/stm32cubeide_1.11.2/stm32cubeide/features/com.stred.toolchain.win.feature_8.1.2/reisc-8.1.2-win-x86_64/bin/../lib/gcc/reisc/8.3.1/../../../../reisc/lib/mcpu-reiscl/mfp32-format-ieee\libm.a(lib_a-sf_floor.o)
 .debug_aranges
                0x0000000000000530       0x20 c:/st/stm32cubeide_1.11.2/stm32cubeide/features/com.stred.toolchain.win.feature_8.1.2/reisc-8.1.2-win-x86_64/bin/../lib/gcc/reisc/8.3.1/../../../../reisc/lib/mcpu-reiscl/mfp32-format-ieee\libm.a(lib_a-sf_fpclassify.o)
 .debug_aranges
                0x0000000000000550       0x20 c:/st/stm32cubeide_1.11.2/stm32cubeide/features/com.stred.toolchain.win.feature_8.1.2/reisc-8.1.2-win-x86_64/bin/../lib/gcc/reisc/8.3.1/../../../../reisc/lib/mcpu-reiscl/mfp32-format-ieee\libm.a(lib_a-sf_scalbn.o)
 .debug_aranges
                0x0000000000000570       0x18 c:/st/stm32cubeide_1.11.2/stm32cubeide/features/com.stred.toolchain.win.feature_8.1.2/reisc-8.1.2-win-x86_64/bin/../lib/gcc/reisc/8.3.1/../../../../reisc/lib/mcpu-reiscl/mfp32-format-ieee\libm.a(lib_a-s_lib_ver.o)
 .debug_aranges
                0x0000000000000588       0x20 c:/st/stm32cubeide_1.11.2/stm32cubeide/features/com.stred.toolchain.win.feature_8.1.2/reisc-8.1.2-win-x86_64/bin/../lib/gcc/reisc/8.3.1/../../../../reisc/lib/mcpu-reiscl/mfp32-format-ieee\libm.a(lib_a-s_matherr.o)
 .debug_aranges
                0x00000000000005a8       0x20 c:/st/stm32cubeide_1.11.2/stm32cubeide/features/com.stred.toolchain.win.feature_8.1.2/reisc-8.1.2-win-x86_64/bin/../lib/gcc/reisc/8.3.1/../../../../reisc/lib/mcpu-reiscl/mfp32-format-ieee\libm.a(lib_a-s_nan.o)
 .debug_aranges
                0x00000000000005c8       0x20 c:/st/stm32cubeide_1.11.2/stm32cubeide/features/com.stred.toolchain.win.feature_8.1.2/reisc-8.1.2-win-x86_64/bin/../lib/gcc/reisc/8.3.1/../../../../reisc/lib/mcpu-reiscl/mfp32-format-ieee\libm.a(lib_a-sf_copysign.o)
 .debug_aranges
                0x00000000000005e8       0x20 c:/st/stm32cubeide_1.11.2/stm32cubeide/features/com.stred.toolchain.win.feature_8.1.2/reisc-8.1.2-win-x86_64/bin/../lib/gcc/reisc/8.3.1/mcpu-reiscl/mfp32-format-ieee\libgcc.a(fixsfsi.o)
 .debug_aranges
                0x0000000000000608       0x20 c:/st/stm32cubeide_1.11.2/stm32cubeide/features/com.stred.toolchain.win.feature_8.1.2/reisc-8.1.2-win-x86_64/bin/../lib/gcc/reisc/8.3.1/mcpu-reiscl/mfp32-format-ieee\libgcc.a(divdf3.o)
 .debug_aranges
                0x0000000000000628       0x20 c:/st/stm32cubeide_1.11.2/stm32cubeide/features/com.stred.toolchain.win.feature_8.1.2/reisc-8.1.2-win-x86_64/bin/../lib/gcc/reisc/8.3.1/mcpu-reiscl/mfp32-format-ieee\libgcc.a(extendsfdf2.o)
 .debug_aranges
                0x0000000000000648       0x20 c:/st/stm32cubeide_1.11.2/stm32cubeide/features/com.stred.toolchain.win.feature_8.1.2/reisc-8.1.2-win-x86_64/bin/../lib/gcc/reisc/8.3.1/mcpu-reiscl/mfp32-format-ieee\libgcc.a(truncdfsf2.o)
 .debug_aranges
                0x0000000000000668       0x28 c:/st/stm32cubeide_1.11.2/stm32cubeide/features/com.stred.toolchain.win.feature_8.1.2/reisc-8.1.2-win-x86_64/bin/../lib/gcc/reisc/8.3.1/mcpu-reiscl/mfp32-format-ieee\libgcc.a(udivmod.o)
 .debug_aranges
                0x0000000000000690       0x20 c:/st/stm32cubeide_1.11.2/stm32cubeide/features/com.stred.toolchain.win.feature_8.1.2/reisc-8.1.2-win-x86_64/bin/../lib/gcc/reisc/8.3.1/mcpu-reiscl/mfp32-format-ieee\libgcc.a(udivmodsi4.o)

.debug_pubnames
 *(.debug_pubnames)

.debug_info     0x0000000000000000    0x18ef9
 *(.debug_info)
 .debug_info    0x0000000000000000      0x33b c:/st/stm32cubeide_1.11.2/stm32cubeide/features/com.stred.toolchain.win.feature_8.1.2/reisc-8.1.2-win-x86_64/bin/../lib/gcc/reisc/8.3.1/mcpu-reiscl/mfp32-format-ieee\libgcc.a(divsf3.o)
 .debug_info    0x000000000000033b      0x241 c:/st/stm32cubeide_1.11.2/stm32cubeide/features/com.stred.toolchain.win.feature_8.1.2/reisc-8.1.2-win-x86_64/bin/../lib/gcc/reisc/8.3.1/mcpu-reiscl/mfp32-format-ieee\libgcc.a(eqsf2.o)
 .debug_info    0x000000000000057c      0x24f c:/st/stm32cubeide_1.11.2/stm32cubeide/features/com.stred.toolchain.win.feature_8.1.2/reisc-8.1.2-win-x86_64/bin/../lib/gcc/reisc/8.3.1/mcpu-reiscl/mfp32-format-ieee\libgcc.a(gesf2.o)
 .debug_info    0x00000000000007cb      0x24f c:/st/stm32cubeide_1.11.2/stm32cubeide/features/com.stred.toolchain.win.feature_8.1.2/reisc-8.1.2-win-x86_64/bin/../lib/gcc/reisc/8.3.1/mcpu-reiscl/mfp32-format-ieee\libgcc.a(lesf2.o)
 .debug_info    0x0000000000000a1a      0x246 c:/st/stm32cubeide_1.11.2/stm32cubeide/features/com.stred.toolchain.win.feature_8.1.2/reisc-8.1.2-win-x86_64/bin/../lib/gcc/reisc/8.3.1/mcpu-reiscl/mfp32-format-ieee\libgcc.a(floatsisf.o)
 .debug_info    0x0000000000000c60      0x219 c:/st/stm32cubeide_1.11.2/stm32cubeide/features/com.stred.toolchain.win.feature_8.1.2/reisc-8.1.2-win-x86_64/bin/../lib/gcc/reisc/8.3.1/mcpu-reiscl/mfp32-format-ieee\libgcc.a(_clzsi2.o)
 .debug_info    0x0000000000000e79      0x1b0 c:/st/stm32cubeide_1.11.2/stm32cubeide/features/com.stred.toolchain.win.feature_8.1.2/reisc-8.1.2-win-x86_64/bin/../lib/gcc/reisc/8.3.1/mcpu-reiscl/mfp32-format-ieee\libgcc.a(_clz.o)
 .debug_info    0x0000000000001029      0x9d8 c:/st/stm32cubeide_1.11.2/stm32cubeide/features/com.stred.toolchain.win.feature_8.1.2/reisc-8.1.2-win-x86_64/bin/../lib/gcc/reisc/8.3.1/../../../../reisc/lib/mcpu-reiscl/mfp32-format-ieee\libc_nano.a(lib_a-exit.o)
 .debug_info    0x0000000000001a01      0x91f c:/st/stm32cubeide_1.11.2/stm32cubeide/features/com.stred.toolchain.win.feature_8.1.2/reisc-8.1.2-win-x86_64/bin/../lib/gcc/reisc/8.3.1/../../../../reisc/lib/mcpu-reiscl/mfp32-format-ieee\libc_nano.a(lib_a-impure.o)
 .debug_info    0x0000000000002320      0x9a3 c:/st/stm32cubeide_1.11.2/stm32cubeide/features/com.stred.toolchain.win.feature_8.1.2/reisc-8.1.2-win-x86_64/bin/../lib/gcc/reisc/8.3.1/../../../../reisc/lib/mcpu-reiscl/mfp32-format-ieee\libc_nano.a(lib_a-malloc.o)
 .debug_info    0x0000000000002cc3      0x991 c:/st/stm32cubeide_1.11.2/stm32cubeide/features/com.stred.toolchain.win.feature_8.1.2/reisc-8.1.2-win-x86_64/bin/../lib/gcc/reisc/8.3.1/../../../../reisc/lib/mcpu-reiscl/mfp32-format-ieee\libc_nano.a(lib_a-memcpy.o)
 .debug_info    0x0000000000003654      0x956 c:/st/stm32cubeide_1.11.2/stm32cubeide/features/com.stred.toolchain.win.feature_8.1.2/reisc-8.1.2-win-x86_64/bin/../lib/gcc/reisc/8.3.1/../../../../reisc/lib/mcpu-reiscl/mfp32-format-ieee\libc_nano.a(lib_a-memset.o)
 .debug_info    0x0000000000003faa      0xaf3 c:/st/stm32cubeide_1.11.2/stm32cubeide/features/com.stred.toolchain.win.feature_8.1.2/reisc-8.1.2-win-x86_64/bin/../lib/gcc/reisc/8.3.1/../../../../reisc/lib/mcpu-reiscl/mfp32-format-ieee\libc_nano.a(lib_a-nano-freer.o)
 .debug_info    0x0000000000004a9d      0xbcc c:/st/stm32cubeide_1.11.2/stm32cubeide/features/com.stred.toolchain.win.feature_8.1.2/reisc-8.1.2-win-x86_64/bin/../lib/gcc/reisc/8.3.1/../../../../reisc/lib/mcpu-reiscl/mfp32-format-ieee\libc_nano.a(lib_a-nano-mallocr.o)
 .debug_info    0x0000000000005669      0x9e1 c:/st/stm32cubeide_1.11.2/stm32cubeide/features/com.stred.toolchain.win.feature_8.1.2/reisc-8.1.2-win-x86_64/bin/../lib/gcc/reisc/8.3.1/../../../../reisc/lib/mcpu-reiscl/mfp32-format-ieee\libc_nano.a(lib_a-sbrkr.o)
 .debug_info    0x000000000000604a      0xae8 c:/st/stm32cubeide_1.11.2/stm32cubeide/features/com.stred.toolchain.win.feature_8.1.2/reisc-8.1.2-win-x86_64/bin/../lib/gcc/reisc/8.3.1/../../../../reisc/lib/mcpu-reiscl/mfp32-format-ieee\libc_nano.a(lib_a-reent.o)
 .debug_info    0x0000000000006b32     0x14f1 c:/st/stm32cubeide_1.11.2/stm32cubeide/features/com.stred.toolchain.win.feature_8.1.2/reisc-8.1.2-win-x86_64/bin/../lib/gcc/reisc/8.3.1/../../../../reisc/lib/mcpu-reiscl/mfp32-format-ieee\libsim.a(syscalls.o)
 .debug_info    0x0000000000008023      0x948 c:/st/stm32cubeide_1.11.2/stm32cubeide/features/com.stred.toolchain.win.feature_8.1.2/reisc-8.1.2-win-x86_64/bin/../lib/gcc/reisc/8.3.1/../../../../reisc/lib/mcpu-reiscl/mfp32-format-ieee\libc.a(lib_a-errno.o)
 .debug_info    0x000000000000896b      0xab2 c:/st/stm32cubeide_1.11.2/stm32cubeide/features/com.stred.toolchain.win.feature_8.1.2/reisc-8.1.2-win-x86_64/bin/../lib/gcc/reisc/8.3.1/../../../../reisc/lib/mcpu-reiscl/mfp32-format-ieee\libm.a(lib_a-sf_cos.o)
 .debug_info    0x000000000000941d      0xaa7 c:/st/stm32cubeide_1.11.2/stm32cubeide/features/com.stred.toolchain.win.feature_8.1.2/reisc-8.1.2-win-x86_64/bin/../lib/gcc/reisc/8.3.1/../../../../reisc/lib/mcpu-reiscl/mfp32-format-ieee\libm.a(lib_a-sf_sin.o)
 .debug_info    0x0000000000009ec4      0xae4 c:/st/stm32cubeide_1.11.2/stm32cubeide/features/com.stred.toolchain.win.feature_8.1.2/reisc-8.1.2-win-x86_64/bin/../lib/gcc/reisc/8.3.1/../../../../reisc/lib/mcpu-reiscl/mfp32-format-ieee\libm.a(lib_a-wf_acos.o)
 .debug_info    0x000000000000a9a8      0xae4 c:/st/stm32cubeide_1.11.2/stm32cubeide/features/com.stred.toolchain.win.feature_8.1.2/reisc-8.1.2-win-x86_64/bin/../lib/gcc/reisc/8.3.1/../../../../reisc/lib/mcpu-reiscl/mfp32-format-ieee\libm.a(lib_a-wf_asin.o)
 .debug_info    0x000000000000b48c      0x9d3 c:/st/stm32cubeide_1.11.2/stm32cubeide/features/com.stred.toolchain.win.feature_8.1.2/reisc-8.1.2-win-x86_64/bin/../lib/gcc/reisc/8.3.1/../../../../reisc/lib/mcpu-reiscl/mfp32-format-ieee\libm.a(lib_a-wf_atan2.o)
 .debug_info    0x000000000000be5f      0xa9e c:/st/stm32cubeide_1.11.2/stm32cubeide/features/com.stred.toolchain.win.feature_8.1.2/reisc-8.1.2-win-x86_64/bin/../lib/gcc/reisc/8.3.1/../../../../reisc/lib/mcpu-reiscl/mfp32-format-ieee\libm.a(lib_a-wf_sqrt.o)
 .debug_info    0x000000000000c8fd      0xbd0 c:/st/stm32cubeide_1.11.2/stm32cubeide/features/com.stred.toolchain.win.feature_8.1.2/reisc-8.1.2-win-x86_64/bin/../lib/gcc/reisc/8.3.1/../../../../reisc/lib/mcpu-reiscl/mfp32-format-ieee\libm.a(lib_a-ef_acos.o)
 .debug_info    0x000000000000d4cd      0xbdf c:/st/stm32cubeide_1.11.2/stm32cubeide/features/com.stred.toolchain.win.feature_8.1.2/reisc-8.1.2-win-x86_64/bin/../lib/gcc/reisc/8.3.1/../../../../reisc/lib/mcpu-reiscl/mfp32-format-ieee\libm.a(lib_a-ef_asin.o)
 .debug_info    0x000000000000e0ac      0xb4d c:/st/stm32cubeide_1.11.2/stm32cubeide/features/com.stred.toolchain.win.feature_8.1.2/reisc-8.1.2-win-x86_64/bin/../lib/gcc/reisc/8.3.1/../../../../reisc/lib/mcpu-reiscl/mfp32-format-ieee\libm.a(lib_a-ef_atan2.o)
 .debug_info    0x000000000000ebf9      0xc5e c:/st/stm32cubeide_1.11.2/stm32cubeide/features/com.stred.toolchain.win.feature_8.1.2/reisc-8.1.2-win-x86_64/bin/../lib/gcc/reisc/8.3.1/../../../../reisc/lib/mcpu-reiscl/mfp32-format-ieee\libm.a(lib_a-ef_rem_pio2.o)
 .debug_info    0x000000000000f857      0xa88 c:/st/stm32cubeide_1.11.2/stm32cubeide/features/com.stred.toolchain.win.feature_8.1.2/reisc-8.1.2-win-x86_64/bin/../lib/gcc/reisc/8.3.1/../../../../reisc/lib/mcpu-reiscl/mfp32-format-ieee\libm.a(lib_a-ef_sqrt.o)
 .debug_info    0x00000000000102df      0xac0 c:/st/stm32cubeide_1.11.2/stm32cubeide/features/com.stred.toolchain.win.feature_8.1.2/reisc-8.1.2-win-x86_64/bin/../lib/gcc/reisc/8.3.1/../../../../reisc/lib/mcpu-reiscl/mfp32-format-ieee\libm.a(lib_a-kf_cos.o)
 .debug_info    0x0000000000010d9f      0xc69 c:/st/stm32cubeide_1.11.2/stm32cubeide/features/com.stred.toolchain.win.feature_8.1.2/reisc-8.1.2-win-x86_64/bin/../lib/gcc/reisc/8.3.1/../../../../reisc/lib/mcpu-reiscl/mfp32-format-ieee\libm.a(lib_a-kf_rem_pio2.o)
 .debug_info    0x0000000000011a08      0xa93 c:/st/stm32cubeide_1.11.2/stm32cubeide/features/com.stred.toolchain.win.feature_8.1.2/reisc-8.1.2-win-x86_64/bin/../lib/gcc/reisc/8.3.1/../../../../reisc/lib/mcpu-reiscl/mfp32-format-ieee\libm.a(lib_a-kf_sin.o)
 .debug_info    0x000000000001249b      0xafe c:/st/stm32cubeide_1.11.2/stm32cubeide/features/com.stred.toolchain.win.feature_8.1.2/reisc-8.1.2-win-x86_64/bin/../lib/gcc/reisc/8.3.1/../../../../reisc/lib/mcpu-reiscl/mfp32-format-ieee\libm.a(lib_a-sf_atan.o)
 .debug_info    0x0000000000012f99      0x9e9 c:/st/stm32cubeide_1.11.2/stm32cubeide/features/com.stred.toolchain.win.feature_8.1.2/reisc-8.1.2-win-x86_64/bin/../lib/gcc/reisc/8.3.1/../../../../reisc/lib/mcpu-reiscl/mfp32-format-ieee\libm.a(lib_a-sf_fabs.o)
 .debug_info    0x0000000000013982      0xa2b c:/st/stm32cubeide_1.11.2/stm32cubeide/features/com.stred.toolchain.win.feature_8.1.2/reisc-8.1.2-win-x86_64/bin/../lib/gcc/reisc/8.3.1/../../../../reisc/lib/mcpu-reiscl/mfp32-format-ieee\libm.a(lib_a-sf_floor.o)
 .debug_info    0x00000000000143ad      0x9cd c:/st/stm32cubeide_1.11.2/stm32cubeide/features/com.stred.toolchain.win.feature_8.1.2/reisc-8.1.2-win-x86_64/bin/../lib/gcc/reisc/8.3.1/../../../../reisc/lib/mcpu-reiscl/mfp32-format-ieee\libm.a(lib_a-sf_fpclassify.o)
 .debug_info    0x0000000000014d7a      0xad4 c:/st/stm32cubeide_1.11.2/stm32cubeide/features/com.stred.toolchain.win.feature_8.1.2/reisc-8.1.2-win-x86_64/bin/../lib/gcc/reisc/8.3.1/../../../../reisc/lib/mcpu-reiscl/mfp32-format-ieee\libm.a(lib_a-sf_scalbn.o)
 .debug_info    0x000000000001584e      0x94c c:/st/stm32cubeide_1.11.2/stm32cubeide/features/com.stred.toolchain.win.feature_8.1.2/reisc-8.1.2-win-x86_64/bin/../lib/gcc/reisc/8.3.1/../../../../reisc/lib/mcpu-reiscl/mfp32-format-ieee\libm.a(lib_a-s_lib_ver.o)
 .debug_info    0x000000000001619a      0x9e4 c:/st/stm32cubeide_1.11.2/stm32cubeide/features/com.stred.toolchain.win.feature_8.1.2/reisc-8.1.2-win-x86_64/bin/../lib/gcc/reisc/8.3.1/../../../../reisc/lib/mcpu-reiscl/mfp32-format-ieee\libm.a(lib_a-s_matherr.o)
 .debug_info    0x0000000000016b7e      0x981 c:/st/stm32cubeide_1.11.2/stm32cubeide/features/com.stred.toolchain.win.feature_8.1.2/reisc-8.1.2-win-x86_64/bin/../lib/gcc/reisc/8.3.1/../../../../reisc/lib/mcpu-reiscl/mfp32-format-ieee\libm.a(lib_a-s_nan.o)
 .debug_info    0x00000000000174ff      0xa20 c:/st/stm32cubeide_1.11.2/stm32cubeide/features/com.stred.toolchain.win.feature_8.1.2/reisc-8.1.2-win-x86_64/bin/../lib/gcc/reisc/8.3.1/../../../../reisc/lib/mcpu-reiscl/mfp32-format-ieee\libm.a(lib_a-sf_copysign.o)
 .debug_info    0x0000000000017f1f      0x1e3 c:/st/stm32cubeide_1.11.2/stm32cubeide/features/com.stred.toolchain.win.feature_8.1.2/reisc-8.1.2-win-x86_64/bin/../lib/gcc/reisc/8.3.1/mcpu-reiscl/mfp32-format-ieee\libgcc.a(fixsfsi.o)
 .debug_info    0x0000000000018102      0x717 c:/st/stm32cubeide_1.11.2/stm32cubeide/features/com.stred.toolchain.win.feature_8.1.2/reisc-8.1.2-win-x86_64/bin/../lib/gcc/reisc/8.3.1/mcpu-reiscl/mfp32-format-ieee\libgcc.a(divdf3.o)
 .debug_info    0x0000000000018819      0x29c c:/st/stm32cubeide_1.11.2/stm32cubeide/features/com.stred.toolchain.win.feature_8.1.2/reisc-8.1.2-win-x86_64/bin/../lib/gcc/reisc/8.3.1/mcpu-reiscl/mfp32-format-ieee\libgcc.a(extendsfdf2.o)
 .debug_info    0x0000000000018ab5      0x2c6 c:/st/stm32cubeide_1.11.2/stm32cubeide/features/com.stred.toolchain.win.feature_8.1.2/reisc-8.1.2-win-x86_64/bin/../lib/gcc/reisc/8.3.1/mcpu-reiscl/mfp32-format-ieee\libgcc.a(truncdfsf2.o)
 .debug_info    0x0000000000018d7b       0xe1 c:/st/stm32cubeide_1.11.2/stm32cubeide/features/com.stred.toolchain.win.feature_8.1.2/reisc-8.1.2-win-x86_64/bin/../lib/gcc/reisc/8.3.1/mcpu-reiscl/mfp32-format-ieee\libgcc.a(udivmod.o)
 .debug_info    0x0000000000018e5c       0x9d c:/st/stm32cubeide_1.11.2/stm32cubeide/features/com.stred.toolchain.win.feature_8.1.2/reisc-8.1.2-win-x86_64/bin/../lib/gcc/reisc/8.3.1/mcpu-reiscl/mfp32-format-ieee\libgcc.a(udivmodsi4.o)

.debug_abbrev   0x0000000000000000     0x5e5b
 *(.debug_abbrev)
 .debug_abbrev  0x0000000000000000      0x189 c:/st/stm32cubeide_1.11.2/stm32cubeide/features/com.stred.toolchain.win.feature_8.1.2/reisc-8.1.2-win-x86_64/bin/../lib/gcc/reisc/8.3.1/mcpu-reiscl/mfp32-format-ieee\libgcc.a(divsf3.o)
 .debug_abbrev  0x0000000000000189      0x175 c:/st/stm32cubeide_1.11.2/stm32cubeide/features/com.stred.toolchain.win.feature_8.1.2/reisc-8.1.2-win-x86_64/bin/../lib/gcc/reisc/8.3.1/mcpu-reiscl/mfp32-format-ieee\libgcc.a(eqsf2.o)
 .debug_abbrev  0x00000000000002fe      0x188 c:/st/stm32cubeide_1.11.2/stm32cubeide/features/com.stred.toolchain.win.feature_8.1.2/reisc-8.1.2-win-x86_64/bin/../lib/gcc/reisc/8.3.1/mcpu-reiscl/mfp32-format-ieee\libgcc.a(gesf2.o)
 .debug_abbrev  0x0000000000000486      0x188 c:/st/stm32cubeide_1.11.2/stm32cubeide/features/com.stred.toolchain.win.feature_8.1.2/reisc-8.1.2-win-x86_64/bin/../lib/gcc/reisc/8.3.1/mcpu-reiscl/mfp32-format-ieee\libgcc.a(lesf2.o)
 .debug_abbrev  0x000000000000060e      0x18f c:/st/stm32cubeide_1.11.2/stm32cubeide/features/com.stred.toolchain.win.feature_8.1.2/reisc-8.1.2-win-x86_64/bin/../lib/gcc/reisc/8.3.1/mcpu-reiscl/mfp32-format-ieee\libgcc.a(floatsisf.o)
 .debug_abbrev  0x000000000000079d       0xfa c:/st/stm32cubeide_1.11.2/stm32cubeide/features/com.stred.toolchain.win.feature_8.1.2/reisc-8.1.2-win-x86_64/bin/../lib/gcc/reisc/8.3.1/mcpu-reiscl/mfp32-format-ieee\libgcc.a(_clzsi2.o)
 .debug_abbrev  0x0000000000000897       0xb1 c:/st/stm32cubeide_1.11.2/stm32cubeide/features/com.stred.toolchain.win.feature_8.1.2/reisc-8.1.2-win-x86_64/bin/../lib/gcc/reisc/8.3.1/mcpu-reiscl/mfp32-format-ieee\libgcc.a(_clz.o)
 .debug_abbrev  0x0000000000000948      0x1ea c:/st/stm32cubeide_1.11.2/stm32cubeide/features/com.stred.toolchain.win.feature_8.1.2/reisc-8.1.2-win-x86_64/bin/../lib/gcc/reisc/8.3.1/../../../../reisc/lib/mcpu-reiscl/mfp32-format-ieee\libc_nano.a(lib_a-exit.o)
 .debug_abbrev  0x0000000000000b32      0x171 c:/st/stm32cubeide_1.11.2/stm32cubeide/features/com.stred.toolchain.win.feature_8.1.2/reisc-8.1.2-win-x86_64/bin/../lib/gcc/reisc/8.3.1/../../../../reisc/lib/mcpu-reiscl/mfp32-format-ieee\libc_nano.a(lib_a-impure.o)
 .debug_abbrev  0x0000000000000ca3      0x1e3 c:/st/stm32cubeide_1.11.2/stm32cubeide/features/com.stred.toolchain.win.feature_8.1.2/reisc-8.1.2-win-x86_64/bin/../lib/gcc/reisc/8.3.1/../../../../reisc/lib/mcpu-reiscl/mfp32-format-ieee\libc_nano.a(lib_a-malloc.o)
 .debug_abbrev  0x0000000000000e86      0x1c9 c:/st/stm32cubeide_1.11.2/stm32cubeide/features/com.stred.toolchain.win.feature_8.1.2/reisc-8.1.2-win-x86_64/bin/../lib/gcc/reisc/8.3.1/../../../../reisc/lib/mcpu-reiscl/mfp32-format-ieee\libc_nano.a(lib_a-memcpy.o)
 .debug_abbrev  0x000000000000104f      0x1aa c:/st/stm32cubeide_1.11.2/stm32cubeide/features/com.stred.toolchain.win.feature_8.1.2/reisc-8.1.2-win-x86_64/bin/../lib/gcc/reisc/8.3.1/../../../../reisc/lib/mcpu-reiscl/mfp32-format-ieee\libc_nano.a(lib_a-memset.o)
 .debug_abbrev  0x00000000000011f9      0x21f c:/st/stm32cubeide_1.11.2/stm32cubeide/features/com.stred.toolchain.win.feature_8.1.2/reisc-8.1.2-win-x86_64/bin/../lib/gcc/reisc/8.3.1/../../../../reisc/lib/mcpu-reiscl/mfp32-format-ieee\libc_nano.a(lib_a-nano-freer.o)
 .debug_abbrev  0x0000000000001418      0x2b7 c:/st/stm32cubeide_1.11.2/stm32cubeide/features/com.stred.toolchain.win.feature_8.1.2/reisc-8.1.2-win-x86_64/bin/../lib/gcc/reisc/8.3.1/../../../../reisc/lib/mcpu-reiscl/mfp32-format-ieee\libc_nano.a(lib_a-nano-mallocr.o)
 .debug_abbrev  0x00000000000016cf      0x200 c:/st/stm32cubeide_1.11.2/stm32cubeide/features/com.stred.toolchain.win.feature_8.1.2/reisc-8.1.2-win-x86_64/bin/../lib/gcc/reisc/8.3.1/../../../../reisc/lib/mcpu-reiscl/mfp32-format-ieee\libc_nano.a(lib_a-sbrkr.o)
 .debug_abbrev  0x00000000000018cf      0x251 c:/st/stm32cubeide_1.11.2/stm32cubeide/features/com.stred.toolchain.win.feature_8.1.2/reisc-8.1.2-win-x86_64/bin/../lib/gcc/reisc/8.3.1/../../../../reisc/lib/mcpu-reiscl/mfp32-format-ieee\libc_nano.a(lib_a-reent.o)
 .debug_abbrev  0x0000000000001b20      0x4a6 c:/st/stm32cubeide_1.11.2/stm32cubeide/features/com.stred.toolchain.win.feature_8.1.2/reisc-8.1.2-win-x86_64/bin/../lib/gcc/reisc/8.3.1/../../../../reisc/lib/mcpu-reiscl/mfp32-format-ieee\libsim.a(syscalls.o)
 .debug_abbrev  0x0000000000001fc6      0x1cd c:/st/stm32cubeide_1.11.2/stm32cubeide/features/com.stred.toolchain.win.feature_8.1.2/reisc-8.1.2-win-x86_64/bin/../lib/gcc/reisc/8.3.1/../../../../reisc/lib/mcpu-reiscl/mfp32-format-ieee\libc.a(lib_a-errno.o)
 .debug_abbrev  0x0000000000002193      0x273 c:/st/stm32cubeide_1.11.2/stm32cubeide/features/com.stred.toolchain.win.feature_8.1.2/reisc-8.1.2-win-x86_64/bin/../lib/gcc/reisc/8.3.1/../../../../reisc/lib/mcpu-reiscl/mfp32-format-ieee\libm.a(lib_a-sf_cos.o)
 .debug_abbrev  0x0000000000002406      0x27e c:/st/stm32cubeide_1.11.2/stm32cubeide/features/com.stred.toolchain.win.feature_8.1.2/reisc-8.1.2-win-x86_64/bin/../lib/gcc/reisc/8.3.1/../../../../reisc/lib/mcpu-reiscl/mfp32-format-ieee\libm.a(lib_a-sf_sin.o)
 .debug_abbrev  0x0000000000002684      0x297 c:/st/stm32cubeide_1.11.2/stm32cubeide/features/com.stred.toolchain.win.feature_8.1.2/reisc-8.1.2-win-x86_64/bin/../lib/gcc/reisc/8.3.1/../../../../reisc/lib/mcpu-reiscl/mfp32-format-ieee\libm.a(lib_a-wf_acos.o)
 .debug_abbrev  0x000000000000291b      0x297 c:/st/stm32cubeide_1.11.2/stm32cubeide/features/com.stred.toolchain.win.feature_8.1.2/reisc-8.1.2-win-x86_64/bin/../lib/gcc/reisc/8.3.1/../../../../reisc/lib/mcpu-reiscl/mfp32-format-ieee\libm.a(lib_a-wf_asin.o)
 .debug_abbrev  0x0000000000002bb2      0x231 c:/st/stm32cubeide_1.11.2/stm32cubeide/features/com.stred.toolchain.win.feature_8.1.2/reisc-8.1.2-win-x86_64/bin/../lib/gcc/reisc/8.3.1/../../../../reisc/lib/mcpu-reiscl/mfp32-format-ieee\libm.a(lib_a-wf_atan2.o)
 .debug_abbrev  0x0000000000002de3      0x284 c:/st/stm32cubeide_1.11.2/stm32cubeide/features/com.stred.toolchain.win.feature_8.1.2/reisc-8.1.2-win-x86_64/bin/../lib/gcc/reisc/8.3.1/../../../../reisc/lib/mcpu-reiscl/mfp32-format-ieee\libm.a(lib_a-wf_sqrt.o)
 .debug_abbrev  0x0000000000003067      0x280 c:/st/stm32cubeide_1.11.2/stm32cubeide/features/com.stred.toolchain.win.feature_8.1.2/reisc-8.1.2-win-x86_64/bin/../lib/gcc/reisc/8.3.1/../../../../reisc/lib/mcpu-reiscl/mfp32-format-ieee\libm.a(lib_a-ef_acos.o)
 .debug_abbrev  0x00000000000032e7      0x2a7 c:/st/stm32cubeide_1.11.2/stm32cubeide/features/com.stred.toolchain.win.feature_8.1.2/reisc-8.1.2-win-x86_64/bin/../lib/gcc/reisc/8.3.1/../../../../reisc/lib/mcpu-reiscl/mfp32-format-ieee\libm.a(lib_a-ef_asin.o)
 .debug_abbrev  0x000000000000358e      0x27d c:/st/stm32cubeide_1.11.2/stm32cubeide/features/com.stred.toolchain.win.feature_8.1.2/reisc-8.1.2-win-x86_64/bin/../lib/gcc/reisc/8.3.1/../../../../reisc/lib/mcpu-reiscl/mfp32-format-ieee\libm.a(lib_a-ef_atan2.o)
 .debug_abbrev  0x000000000000380b      0x2ba c:/st/stm32cubeide_1.11.2/stm32cubeide/features/com.stred.toolchain.win.feature_8.1.2/reisc-8.1.2-win-x86_64/bin/../lib/gcc/reisc/8.3.1/../../../../reisc/lib/mcpu-reiscl/mfp32-format-ieee\libm.a(lib_a-ef_rem_pio2.o)
 .debug_abbrev  0x0000000000003ac5      0x250 c:/st/stm32cubeide_1.11.2/stm32cubeide/features/com.stred.toolchain.win.feature_8.1.2/reisc-8.1.2-win-x86_64/bin/../lib/gcc/reisc/8.3.1/../../../../reisc/lib/mcpu-reiscl/mfp32-format-ieee\libm.a(lib_a-ef_sqrt.o)
 .debug_abbrev  0x0000000000003d15      0x241 c:/st/stm32cubeide_1.11.2/stm32cubeide/features/com.stred.toolchain.win.feature_8.1.2/reisc-8.1.2-win-x86_64/bin/../lib/gcc/reisc/8.3.1/../../../../reisc/lib/mcpu-reiscl/mfp32-format-ieee\libm.a(lib_a-kf_cos.o)
 .debug_abbrev  0x0000000000003f56      0x2ac c:/st/stm32cubeide_1.11.2/stm32cubeide/features/com.stred.toolchain.win.feature_8.1.2/reisc-8.1.2-win-x86_64/bin/../lib/gcc/reisc/8.3.1/../../../../reisc/lib/mcpu-reiscl/mfp32-format-ieee\libm.a(lib_a-kf_rem_pio2.o)
 .debug_abbrev  0x0000000000004202      0x236 c:/st/stm32cubeide_1.11.2/stm32cubeide/features/com.stred.toolchain.win.feature_8.1.2/reisc-8.1.2-win-x86_64/bin/../lib/gcc/reisc/8.3.1/../../../../reisc/lib/mcpu-reiscl/mfp32-format-ieee\libm.a(lib_a-kf_sin.o)
 .debug_abbrev  0x0000000000004438      0x26b c:/st/stm32cubeide_1.11.2/stm32cubeide/features/com.stred.toolchain.win.feature_8.1.2/reisc-8.1.2-win-x86_64/bin/../lib/gcc/reisc/8.3.1/../../../../reisc/lib/mcpu-reiscl/mfp32-format-ieee\libm.a(lib_a-sf_atan.o)
 .debug_abbrev  0x00000000000046a3      0x221 c:/st/stm32cubeide_1.11.2/stm32cubeide/features/com.stred.toolchain.win.feature_8.1.2/reisc-8.1.2-win-x86_64/bin/../lib/gcc/reisc/8.3.1/../../../../reisc/lib/mcpu-reiscl/mfp32-format-ieee\libm.a(lib_a-sf_fabs.o)
 .debug_abbrev  0x00000000000048c4      0x22c c:/st/stm32cubeide_1.11.2/stm32cubeide/features/com.stred.toolchain.win.feature_8.1.2/reisc-8.1.2-win-x86_64/bin/../lib/gcc/reisc/8.3.1/../../../../reisc/lib/mcpu-reiscl/mfp32-format-ieee\libm.a(lib_a-sf_floor.o)
 .debug_abbrev  0x0000000000004af0      0x216 c:/st/stm32cubeide_1.11.2/stm32cubeide/features/com.stred.toolchain.win.feature_8.1.2/reisc-8.1.2-win-x86_64/bin/../lib/gcc/reisc/8.3.1/../../../../reisc/lib/mcpu-reiscl/mfp32-format-ieee\libm.a(lib_a-sf_fpclassify.o)
 .debug_abbrev  0x0000000000004d06      0x271 c:/st/stm32cubeide_1.11.2/stm32cubeide/features/com.stred.toolchain.win.feature_8.1.2/reisc-8.1.2-win-x86_64/bin/../lib/gcc/reisc/8.3.1/../../../../reisc/lib/mcpu-reiscl/mfp32-format-ieee\libm.a(lib_a-sf_scalbn.o)
 .debug_abbrev  0x0000000000004f77      0x1cb c:/st/stm32cubeide_1.11.2/stm32cubeide/features/com.stred.toolchain.win.feature_8.1.2/reisc-8.1.2-win-x86_64/bin/../lib/gcc/reisc/8.3.1/../../../../reisc/lib/mcpu-reiscl/mfp32-format-ieee\libm.a(lib_a-s_lib_ver.o)
 .debug_abbrev  0x0000000000005142      0x211 c:/st/stm32cubeide_1.11.2/stm32cubeide/features/com.stred.toolchain.win.feature_8.1.2/reisc-8.1.2-win-x86_64/bin/../lib/gcc/reisc/8.3.1/../../../../reisc/lib/mcpu-reiscl/mfp32-format-ieee\libm.a(lib_a-s_matherr.o)
 .debug_abbrev  0x0000000000005353      0x1fe c:/st/stm32cubeide_1.11.2/stm32cubeide/features/com.stred.toolchain.win.feature_8.1.2/reisc-8.1.2-win-x86_64/bin/../lib/gcc/reisc/8.3.1/../../../../reisc/lib/mcpu-reiscl/mfp32-format-ieee\libm.a(lib_a-s_nan.o)
 .debug_abbrev  0x0000000000005551      0x221 c:/st/stm32cubeide_1.11.2/stm32cubeide/features/com.stred.toolchain.win.feature_8.1.2/reisc-8.1.2-win-x86_64/bin/../lib/gcc/reisc/8.3.1/../../../../reisc/lib/mcpu-reiscl/mfp32-format-ieee\libm.a(lib_a-sf_copysign.o)
 .debug_abbrev  0x0000000000005772      0x177 c:/st/stm32cubeide_1.11.2/stm32cubeide/features/com.stred.toolchain.win.feature_8.1.2/reisc-8.1.2-win-x86_64/bin/../lib/gcc/reisc/8.3.1/mcpu-reiscl/mfp32-format-ieee\libgcc.a(fixsfsi.o)
 .debug_abbrev  0x00000000000058e9      0x198 c:/st/stm32cubeide_1.11.2/stm32cubeide/features/com.stred.toolchain.win.feature_8.1.2/reisc-8.1.2-win-x86_64/bin/../lib/gcc/reisc/8.3.1/mcpu-reiscl/mfp32-format-ieee\libgcc.a(divdf3.o)
 .debug_abbrev  0x0000000000005a81      0x170 c:/st/stm32cubeide_1.11.2/stm32cubeide/features/com.stred.toolchain.win.feature_8.1.2/reisc-8.1.2-win-x86_64/bin/../lib/gcc/reisc/8.3.1/mcpu-reiscl/mfp32-format-ieee\libgcc.a(extendsfdf2.o)
 .debug_abbrev  0x0000000000005bf1      0x177 c:/st/stm32cubeide_1.11.2/stm32cubeide/features/com.stred.toolchain.win.feature_8.1.2/reisc-8.1.2-win-x86_64/bin/../lib/gcc/reisc/8.3.1/mcpu-reiscl/mfp32-format-ieee\libgcc.a(truncdfsf2.o)
 .debug_abbrev  0x0000000000005d68       0x78 c:/st/stm32cubeide_1.11.2/stm32cubeide/features/com.stred.toolchain.win.feature_8.1.2/reisc-8.1.2-win-x86_64/bin/../lib/gcc/reisc/8.3.1/mcpu-reiscl/mfp32-format-ieee\libgcc.a(udivmod.o)
 .debug_abbrev  0x0000000000005de0       0x7b c:/st/stm32cubeide_1.11.2/stm32cubeide/features/com.stred.toolchain.win.feature_8.1.2/reisc-8.1.2-win-x86_64/bin/../lib/gcc/reisc/8.3.1/mcpu-reiscl/mfp32-format-ieee\libgcc.a(udivmodsi4.o)

.debug_line     0x0000000000000000     0xdd20
 *(.debug_line)
 .debug_line    0x0000000000000000      0xaaa c:/st/stm32cubeide_1.11.2/stm32cubeide/features/com.stred.toolchain.win.feature_8.1.2/reisc-8.1.2-win-x86_64/bin/../lib/gcc/reisc/8.3.1/mcpu-reiscl/mfp32-format-ieee\libgcc.a(divsf3.o)
 .debug_line    0x0000000000000aaa      0x326 c:/st/stm32cubeide_1.11.2/stm32cubeide/features/com.stred.toolchain.win.feature_8.1.2/reisc-8.1.2-win-x86_64/bin/../lib/gcc/reisc/8.3.1/mcpu-reiscl/mfp32-format-ieee\libgcc.a(eqsf2.o)
 .debug_line    0x0000000000000dd0      0x456 c:/st/stm32cubeide_1.11.2/stm32cubeide/features/com.stred.toolchain.win.feature_8.1.2/reisc-8.1.2-win-x86_64/bin/../lib/gcc/reisc/8.3.1/mcpu-reiscl/mfp32-format-ieee\libgcc.a(gesf2.o)
 .debug_line    0x0000000000001226      0x44c c:/st/stm32cubeide_1.11.2/stm32cubeide/features/com.stred.toolchain.win.feature_8.1.2/reisc-8.1.2-win-x86_64/bin/../lib/gcc/reisc/8.3.1/mcpu-reiscl/mfp32-format-ieee\libgcc.a(lesf2.o)
 .debug_line    0x0000000000001672      0x3b1 c:/st/stm32cubeide_1.11.2/stm32cubeide/features/com.stred.toolchain.win.feature_8.1.2/reisc-8.1.2-win-x86_64/bin/../lib/gcc/reisc/8.3.1/mcpu-reiscl/mfp32-format-ieee\libgcc.a(floatsisf.o)
 .debug_line    0x0000000000001a23      0x255 c:/st/stm32cubeide_1.11.2/stm32cubeide/features/com.stred.toolchain.win.feature_8.1.2/reisc-8.1.2-win-x86_64/bin/../lib/gcc/reisc/8.3.1/mcpu-reiscl/mfp32-format-ieee\libgcc.a(_clzsi2.o)
 .debug_line    0x0000000000001c78      0x121 c:/st/stm32cubeide_1.11.2/stm32cubeide/features/com.stred.toolchain.win.feature_8.1.2/reisc-8.1.2-win-x86_64/bin/../lib/gcc/reisc/8.3.1/mcpu-reiscl/mfp32-format-ieee\libgcc.a(_clz.o)
 .debug_line    0x0000000000001d99      0x1e7 c:/st/stm32cubeide_1.11.2/stm32cubeide/features/com.stred.toolchain.win.feature_8.1.2/reisc-8.1.2-win-x86_64/bin/../lib/gcc/reisc/8.3.1/../../../../reisc/lib/mcpu-reiscl/mfp32-format-ieee\libc_nano.a(lib_a-exit.o)
 .debug_line    0x0000000000001f80       0xfd c:/st/stm32cubeide_1.11.2/stm32cubeide/features/com.stred.toolchain.win.feature_8.1.2/reisc-8.1.2-win-x86_64/bin/../lib/gcc/reisc/8.3.1/../../../../reisc/lib/mcpu-reiscl/mfp32-format-ieee\libc_nano.a(lib_a-impure.o)
 .debug_line    0x000000000000207d      0x1eb c:/st/stm32cubeide_1.11.2/stm32cubeide/features/com.stred.toolchain.win.feature_8.1.2/reisc-8.1.2-win-x86_64/bin/../lib/gcc/reisc/8.3.1/../../../../reisc/lib/mcpu-reiscl/mfp32-format-ieee\libc_nano.a(lib_a-malloc.o)
 .debug_line    0x0000000000002268      0x1ce c:/st/stm32cubeide_1.11.2/stm32cubeide/features/com.stred.toolchain.win.feature_8.1.2/reisc-8.1.2-win-x86_64/bin/../lib/gcc/reisc/8.3.1/../../../../reisc/lib/mcpu-reiscl/mfp32-format-ieee\libc_nano.a(lib_a-memcpy.o)
 .debug_line    0x0000000000002436      0x190 c:/st/stm32cubeide_1.11.2/stm32cubeide/features/com.stred.toolchain.win.feature_8.1.2/reisc-8.1.2-win-x86_64/bin/../lib/gcc/reisc/8.3.1/../../../../reisc/lib/mcpu-reiscl/mfp32-format-ieee\libc_nano.a(lib_a-memset.o)
 .debug_line    0x00000000000025c6      0x4d1 c:/st/stm32cubeide_1.11.2/stm32cubeide/features/com.stred.toolchain.win.feature_8.1.2/reisc-8.1.2-win-x86_64/bin/../lib/gcc/reisc/8.3.1/../../../../reisc/lib/mcpu-reiscl/mfp32-format-ieee\libc_nano.a(lib_a-nano-freer.o)
 .debug_line    0x0000000000002a97      0x538 c:/st/stm32cubeide_1.11.2/stm32cubeide/features/com.stred.toolchain.win.feature_8.1.2/reisc-8.1.2-win-x86_64/bin/../lib/gcc/reisc/8.3.1/../../../../reisc/lib/mcpu-reiscl/mfp32-format-ieee\libc_nano.a(lib_a-nano-mallocr.o)
 .debug_line    0x0000000000002fcf      0x221 c:/st/stm32cubeide_1.11.2/stm32cubeide/features/com.stred.toolchain.win.feature_8.1.2/reisc-8.1.2-win-x86_64/bin/../lib/gcc/reisc/8.3.1/../../../../reisc/lib/mcpu-reiscl/mfp32-format-ieee\libc_nano.a(lib_a-sbrkr.o)
 .debug_line    0x00000000000031f0      0x490 c:/st/stm32cubeide_1.11.2/stm32cubeide/features/com.stred.toolchain.win.feature_8.1.2/reisc-8.1.2-win-x86_64/bin/../lib/gcc/reisc/8.3.1/../../../../reisc/lib/mcpu-reiscl/mfp32-format-ieee\libc_nano.a(lib_a-reent.o)
 .debug_line    0x0000000000003680      0xee0 c:/st/stm32cubeide_1.11.2/stm32cubeide/features/com.stred.toolchain.win.feature_8.1.2/reisc-8.1.2-win-x86_64/bin/../lib/gcc/reisc/8.3.1/../../../../reisc/lib/mcpu-reiscl/mfp32-format-ieee\libsim.a(syscalls.o)
 .debug_line    0x0000000000004560      0x126 c:/st/stm32cubeide_1.11.2/stm32cubeide/features/com.stred.toolchain.win.feature_8.1.2/reisc-8.1.2-win-x86_64/bin/../lib/gcc/reisc/8.3.1/../../../../reisc/lib/mcpu-reiscl/mfp32-format-ieee\libc.a(lib_a-errno.o)
 .debug_line    0x0000000000004686      0x38b c:/st/stm32cubeide_1.11.2/stm32cubeide/features/com.stred.toolchain.win.feature_8.1.2/reisc-8.1.2-win-x86_64/bin/../lib/gcc/reisc/8.3.1/../../../../reisc/lib/mcpu-reiscl/mfp32-format-ieee\libm.a(lib_a-sf_cos.o)
 .debug_line    0x0000000000004a11      0x38b c:/st/stm32cubeide_1.11.2/stm32cubeide/features/com.stred.toolchain.win.feature_8.1.2/reisc-8.1.2-win-x86_64/bin/../lib/gcc/reisc/8.3.1/../../../../reisc/lib/mcpu-reiscl/mfp32-format-ieee\libm.a(lib_a-sf_sin.o)
 .debug_line    0x0000000000004d9c      0x41e c:/st/stm32cubeide_1.11.2/stm32cubeide/features/com.stred.toolchain.win.feature_8.1.2/reisc-8.1.2-win-x86_64/bin/../lib/gcc/reisc/8.3.1/../../../../reisc/lib/mcpu-reiscl/mfp32-format-ieee\libm.a(lib_a-wf_acos.o)
 .debug_line    0x00000000000051ba      0x41e c:/st/stm32cubeide_1.11.2/stm32cubeide/features/com.stred.toolchain.win.feature_8.1.2/reisc-8.1.2-win-x86_64/bin/../lib/gcc/reisc/8.3.1/../../../../reisc/lib/mcpu-reiscl/mfp32-format-ieee\libm.a(lib_a-wf_asin.o)
 .debug_line    0x00000000000055d8      0x1d5 c:/st/stm32cubeide_1.11.2/stm32cubeide/features/com.stred.toolchain.win.feature_8.1.2/reisc-8.1.2-win-x86_64/bin/../lib/gcc/reisc/8.3.1/../../../../reisc/lib/mcpu-reiscl/mfp32-format-ieee\libm.a(lib_a-wf_atan2.o)
 .debug_line    0x00000000000057ad      0x40e c:/st/stm32cubeide_1.11.2/stm32cubeide/features/com.stred.toolchain.win.feature_8.1.2/reisc-8.1.2-win-x86_64/bin/../lib/gcc/reisc/8.3.1/../../../../reisc/lib/mcpu-reiscl/mfp32-format-ieee\libm.a(lib_a-wf_sqrt.o)
 .debug_line    0x0000000000005bbb      0x7d0 c:/st/stm32cubeide_1.11.2/stm32cubeide/features/com.stred.toolchain.win.feature_8.1.2/reisc-8.1.2-win-x86_64/bin/../lib/gcc/reisc/8.3.1/../../../../reisc/lib/mcpu-reiscl/mfp32-format-ieee\libm.a(lib_a-ef_acos.o)
 .debug_line    0x000000000000638b      0x77a c:/st/stm32cubeide_1.11.2/stm32cubeide/features/com.stred.toolchain.win.feature_8.1.2/reisc-8.1.2-win-x86_64/bin/../lib/gcc/reisc/8.3.1/../../../../reisc/lib/mcpu-reiscl/mfp32-format-ieee\libm.a(lib_a-ef_asin.o)
 .debug_line    0x0000000000006b05      0x5eb c:/st/stm32cubeide_1.11.2/stm32cubeide/features/com.stred.toolchain.win.feature_8.1.2/reisc-8.1.2-win-x86_64/bin/../lib/gcc/reisc/8.3.1/../../../../reisc/lib/mcpu-reiscl/mfp32-format-ieee\libm.a(lib_a-ef_atan2.o)
 .debug_line    0x00000000000070f0      0xb45 c:/st/stm32cubeide_1.11.2/stm32cubeide/features/com.stred.toolchain.win.feature_8.1.2/reisc-8.1.2-win-x86_64/bin/../lib/gcc/reisc/8.3.1/../../../../reisc/lib/mcpu-reiscl/mfp32-format-ieee\libm.a(lib_a-ef_rem_pio2.o)
 .debug_line    0x0000000000007c35      0x654 c:/st/stm32cubeide_1.11.2/stm32cubeide/features/com.stred.toolchain.win.feature_8.1.2/reisc-8.1.2-win-x86_64/bin/../lib/gcc/reisc/8.3.1/../../../../reisc/lib/mcpu-reiscl/mfp32-format-ieee\libm.a(lib_a-ef_sqrt.o)
 .debug_line    0x0000000000008289      0x4f3 c:/st/stm32cubeide_1.11.2/stm32cubeide/features/com.stred.toolchain.win.feature_8.1.2/reisc-8.1.2-win-x86_64/bin/../lib/gcc/reisc/8.3.1/../../../../reisc/lib/mcpu-reiscl/mfp32-format-ieee\libm.a(lib_a-kf_cos.o)
 .debug_line    0x000000000000877c     0x1452 c:/st/stm32cubeide_1.11.2/stm32cubeide/features/com.stred.toolchain.win.feature_8.1.2/reisc-8.1.2-win-x86_64/bin/../lib/gcc/reisc/8.3.1/../../../../reisc/lib/mcpu-reiscl/mfp32-format-ieee\libm.a(lib_a-kf_rem_pio2.o)
 .debug_line    0x0000000000009bce      0x443 c:/st/stm32cubeide_1.11.2/stm32cubeide/features/com.stred.toolchain.win.feature_8.1.2/reisc-8.1.2-win-x86_64/bin/../lib/gcc/reisc/8.3.1/../../../../reisc/lib/mcpu-reiscl/mfp32-format-ieee\libm.a(lib_a-kf_sin.o)
 .debug_line    0x000000000000a011      0x61c c:/st/stm32cubeide_1.11.2/stm32cubeide/features/com.stred.toolchain.win.feature_8.1.2/reisc-8.1.2-win-x86_64/bin/../lib/gcc/reisc/8.3.1/../../../../reisc/lib/mcpu-reiscl/mfp32-format-ieee\libm.a(lib_a-sf_atan.o)
 .debug_line    0x000000000000a62d      0x26a c:/st/stm32cubeide_1.11.2/stm32cubeide/features/com.stred.toolchain.win.feature_8.1.2/reisc-8.1.2-win-x86_64/bin/../lib/gcc/reisc/8.3.1/../../../../reisc/lib/mcpu-reiscl/mfp32-format-ieee\libm.a(lib_a-sf_fabs.o)
 .debug_line    0x000000000000a897      0x43b c:/st/stm32cubeide_1.11.2/stm32cubeide/features/com.stred.toolchain.win.feature_8.1.2/reisc-8.1.2-win-x86_64/bin/../lib/gcc/reisc/8.3.1/../../../../reisc/lib/mcpu-reiscl/mfp32-format-ieee\libm.a(lib_a-sf_floor.o)
 .debug_line    0x000000000000acd2      0x27a c:/st/stm32cubeide_1.11.2/stm32cubeide/features/com.stred.toolchain.win.feature_8.1.2/reisc-8.1.2-win-x86_64/bin/../lib/gcc/reisc/8.3.1/../../../../reisc/lib/mcpu-reiscl/mfp32-format-ieee\libm.a(lib_a-sf_fpclassify.o)
 .debug_line    0x000000000000af4c      0x4b2 c:/st/stm32cubeide_1.11.2/stm32cubeide/features/com.stred.toolchain.win.feature_8.1.2/reisc-8.1.2-win-x86_64/bin/../lib/gcc/reisc/8.3.1/../../../../reisc/lib/mcpu-reiscl/mfp32-format-ieee\libm.a(lib_a-sf_scalbn.o)
 .debug_line    0x000000000000b3fe      0x148 c:/st/stm32cubeide_1.11.2/stm32cubeide/features/com.stred.toolchain.win.feature_8.1.2/reisc-8.1.2-win-x86_64/bin/../lib/gcc/reisc/8.3.1/../../../../reisc/lib/mcpu-reiscl/mfp32-format-ieee\libm.a(lib_a-s_lib_ver.o)
 .debug_line    0x000000000000b546      0x171 c:/st/stm32cubeide_1.11.2/stm32cubeide/features/com.stred.toolchain.win.feature_8.1.2/reisc-8.1.2-win-x86_64/bin/../lib/gcc/reisc/8.3.1/../../../../reisc/lib/mcpu-reiscl/mfp32-format-ieee\libm.a(lib_a-s_matherr.o)
 .debug_line    0x000000000000b6b7      0x177 c:/st/stm32cubeide_1.11.2/stm32cubeide/features/com.stred.toolchain.win.feature_8.1.2/reisc-8.1.2-win-x86_64/bin/../lib/gcc/reisc/8.3.1/../../../../reisc/lib/mcpu-reiscl/mfp32-format-ieee\libm.a(lib_a-s_nan.o)
 .debug_line    0x000000000000b82e      0x256 c:/st/stm32cubeide_1.11.2/stm32cubeide/features/com.stred.toolchain.win.feature_8.1.2/reisc-8.1.2-win-x86_64/bin/../lib/gcc/reisc/8.3.1/../../../../reisc/lib/mcpu-reiscl/mfp32-format-ieee\libm.a(lib_a-sf_copysign.o)
 .debug_line    0x000000000000ba84      0x2bc c:/st/stm32cubeide_1.11.2/stm32cubeide/features/com.stred.toolchain.win.feature_8.1.2/reisc-8.1.2-win-x86_64/bin/../lib/gcc/reisc/8.3.1/mcpu-reiscl/mfp32-format-ieee\libgcc.a(fixsfsi.o)
 .debug_line    0x000000000000bd40     0x12b5 c:/st/stm32cubeide_1.11.2/stm32cubeide/features/com.stred.toolchain.win.feature_8.1.2/reisc-8.1.2-win-x86_64/bin/../lib/gcc/reisc/8.3.1/mcpu-reiscl/mfp32-format-ieee\libgcc.a(divdf3.o)